Archive member included to satisfy reference by file (symbol)

/opt/devkitpro/wut/lib/libwut.a(vpad.o)
                              main.o (VPADRead)
/opt/devkitpro/wut/lib/libwut.a(coreinit.o)
                              main.o (OSGetSystemInfo)
/opt/devkitpro/wut/lib/libwut.a(crt0_rpx.o)
                              (__rpx_start)
/opt/devkitpro/wut/lib/libwut.a(wut_crt.o)
                              /opt/devkitpro/wut/lib/libwut.a(crt0_rpx.o) (__init_wut)
/opt/devkitpro/wut/lib/libwut.a(wut_newlib.o)
                              /opt/devkitpro/wut/lib/libwut.a(wut_crt.o) (__init_wut_newlib)
/opt/devkitpro/wut/lib/libwut.a(wut_gettod_r.o)
                              /opt/devkitpro/wut/lib/libwut.a(wut_newlib.o) (__wut_gettod_r)
/opt/devkitpro/wut/lib/libwut.a(wut_nanosleep.o)
                              /opt/devkitpro/wut/lib/libwut.a(wut_newlib.o) (__wut_nanosleep)
/opt/devkitpro/wut/lib/libwut.a(wut_malloc.o)
                              /opt/devkitpro/wut/lib/libwut.a(wut_crt.o) (__init_wut_malloc)
/opt/devkitpro/wut/lib/libwut.a(devoptab_fs.o)
                              /opt/devkitpro/wut/lib/libwut.a(wut_crt.o) (__init_wut_devoptab)
/opt/devkitpro/wut/lib/libwut.a(devoptab_fs_dirclose.o)
                              /opt/devkitpro/wut/lib/libwut.a(devoptab_fs.o) (__wut_fs_dirclose)
/opt/devkitpro/wut/lib/libwut.a(devoptab_fs_seek.o)
                              /opt/devkitpro/wut/lib/libwut.a(devoptab_fs.o) (__wut_fs_seek)
/opt/devkitpro/wut/lib/libwut.a(devoptab_fs_dirreset.o)
                              /opt/devkitpro/wut/lib/libwut.a(devoptab_fs.o) (__wut_fs_dirreset)
/opt/devkitpro/wut/lib/libwut.a(devoptab_fs_rmdir.o)
                              /opt/devkitpro/wut/lib/libwut.a(devoptab_fs.o) (__wut_fs_rmdir)
/opt/devkitpro/wut/lib/libwut.a(devoptab_fs_open.o)
                              /opt/devkitpro/wut/lib/libwut.a(devoptab_fs.o) (__wut_fs_open)
/opt/devkitpro/wut/lib/libwut.a(devoptab_fs_write.o)
                              /opt/devkitpro/wut/lib/libwut.a(devoptab_fs.o) (__wut_fs_write)
/opt/devkitpro/wut/lib/libwut.a(devoptab_fs_chmod.o)
                              /opt/devkitpro/wut/lib/libwut.a(devoptab_fs.o) (__wut_fs_chmod)
/opt/devkitpro/wut/lib/libwut.a(devoptab_fs_fchmod.o)
                              /opt/devkitpro/wut/lib/libwut.a(devoptab_fs.o) (__wut_fs_fchmod)
/opt/devkitpro/wut/lib/libwut.a(devoptab_fs_mkdir.o)
                              /opt/devkitpro/wut/lib/libwut.a(devoptab_fs.o) (__wut_fs_mkdir)
/opt/devkitpro/wut/lib/libwut.a(devoptab_fs_dirnext.o)
                              /opt/devkitpro/wut/lib/libwut.a(devoptab_fs.o) (__wut_fs_dirnext)
/opt/devkitpro/wut/lib/libwut.a(devoptab_fs_statvfs.o)
                              /opt/devkitpro/wut/lib/libwut.a(devoptab_fs.o) (__wut_fs_statvfs)
/opt/devkitpro/wut/lib/libwut.a(devoptab_fs_truncate.o)
                              /opt/devkitpro/wut/lib/libwut.a(devoptab_fs.o) (__wut_fs_ftruncate)
/opt/devkitpro/wut/lib/libwut.a(devoptab_fs_rename.o)
                              /opt/devkitpro/wut/lib/libwut.a(devoptab_fs.o) (__wut_fs_rename)
/opt/devkitpro/wut/lib/libwut.a(log.o)
                              main.o (WHBLogPrintf)
/opt/devkitpro/wut/lib/libwut.a(console.o)
                              main.o (WHBLogConsoleInit)
/opt/devkitpro/wut/lib/libwut.a(proc.o)
                              main.o (WHBProcInit)
/opt/devkitpro/wut/lib/libwut.a(proc_ui.o)
                              /opt/devkitpro/wut/lib/libwut.a(proc.o) (ProcUIDrawDoneRelease)
/opt/devkitpro/wut/lib/libwut.a(sysapp.o)
                              /opt/devkitpro/wut/lib/libwut.a(proc.o) (SYSRelaunchTitle)
/opt/devkitpro/wut/lib/libwut.a(wut_lock.o)
                              /opt/devkitpro/wut/lib/libwut.a(wut_newlib.o) (__wut_lock_init)
/opt/devkitpro/wut/lib/libwut.a(wut_clock.o)
                              /opt/devkitpro/wut/lib/libwut.a(wut_newlib.o) (__wut_clock_gettime)
/opt/devkitpro/wut/lib/libwut.a(devoptab_fs_stat.o)
                              /opt/devkitpro/wut/lib/libwut.a(devoptab_fs.o) (__wut_fs_stat)
/opt/devkitpro/wut/lib/libwut.a(devoptab_fs_chdir.o)
                              /opt/devkitpro/wut/lib/libwut.a(devoptab_fs.o) (__wut_fs_chdir)
/opt/devkitpro/wut/lib/libwut.a(devoptab_fs_fstat.o)
                              /opt/devkitpro/wut/lib/libwut.a(devoptab_fs.o) (__wut_fs_fstat)
/opt/devkitpro/wut/lib/libwut.a(devoptab_fs_link.o)
                              /opt/devkitpro/wut/lib/libwut.a(devoptab_fs.o) (__wut_fs_link)
/opt/devkitpro/wut/lib/libwut.a(devoptab_fs_read.o)
                              /opt/devkitpro/wut/lib/libwut.a(devoptab_fs.o) (__wut_fs_read)
/opt/devkitpro/wut/lib/libwut.a(devoptab_fs_utils.o)
                              /opt/devkitpro/wut/lib/libwut.a(devoptab_fs_rmdir.o) (__wut_fs_fixpath)
/opt/devkitpro/wut/lib/libwut.a(devoptab_fs_close.o)
                              /opt/devkitpro/wut/lib/libwut.a(devoptab_fs.o) (__wut_fs_close)
[...]
Memory Configuration

Name             Origin             Length             Attributes
relmem           0x0000000000000000 0x0000000002000000 rw
codemem          0x0000000002000000 0x000000000e000000 xrw
datamem          0x0000000010000000 0x0000000032000000 rw
loadmem          0x00000000c0000000 0x0000000008000000 xrw
*default*        0x0000000000000000 0xffffffffffffffff

Linker script and memory map

                0x0000000002000000                . = ORIGIN (codemem)

.syscall
 *(.syscall .syscall.*)

.text           0x0000000002000000     0xb2a0
 *crt0.o(*.init)
 *(.init)
 .init          0x0000000002000000        0xc /opt/devkitpro/devkitPPC/lib/gcc/powerpc-eabi/8.3.0/ecrti.o
                0x0000000002000000                __init
 .init          0x000000000200000c        0x4 /opt/devkitpro/devkitPPC/lib/gcc/powerpc-eabi/8.3.0/crtbegin.o
 .init          0x0000000002000010        0x4 /opt/devkitpro/devkitPPC/lib/gcc/powerpc-eabi/8.3.0/crtend.o
 .init          0x0000000002000014       0x10 /opt/devkitpro/devkitPPC/lib/gcc/powerpc-eabi/8.3.0/ecrtn.o
 *(.text)
 .text          0x0000000002000024       0x30 /opt/devkitpro/wut/lib/libwut.a(crt0_rpx.o)
                0x0000000002000024                __rpx_start
 .text          0x0000000002000054       0x48 /opt/devkitpro/devkitPPC/lib/gcc/powerpc-eabi/8.3.0/libgcc.a(eabi.o)
                0x0000000002000054                __eabi
 *(.text.*)
 .text.deregister_tm_clones
                0x000000000200009c       0x30 /opt/devkitpro/devkitPPC/lib/gcc/powerpc-eabi/8.3.0/crtbegin.o
 .text.register_tm_clones
                0x00000000020000cc       0x3c /opt/devkitpro/devkitPPC/lib/gcc/powerpc-eabi/8.3.0/crtbegin.o
 .text.__do_global_dtors_aux
                0x0000000002000108       0xd0 /opt/devkitpro/devkitPPC/lib/gcc/powerpc-eabi/8.3.0/crtbegin.o
 .text.frame_dummy
                0x00000000020001d8       0x44 /opt/devkitpro/devkitPPC/lib/gcc/powerpc-eabi/8.3.0/crtbegin.o
 .text.exitApp  0x000000000200021c       0xb8 main.o
                                         0x98 (size before relaxing)
                0x000000000200021c                exitApp
 .text.startup.main
                0x00000000020002d4     0x15d4 main.o
                                       0x15a4 (size before relaxing)
                0x00000000020002d4                main
 .text.__init_wut
                0x00000000020018a8       0x38 /opt/devkitpro/wut/lib/libwut.a(wut_crt.o)
                0x00000000020018a8                __init_wut
 .text.__fini_wut
                0x00000000020018e0       0x38 /opt/devkitpro/wut/lib/libwut.a(wut_crt.o)
                0x00000000020018e0                __fini_wut
 .text.__init_wut_newlib
                0x0000000002001918       0x94 /opt/devkitpro/wut/lib/libwut.a(wut_newlib.o)
                0x0000000002001918                __init_wut_newlib
 .text.__fini_wut_newlib
                0x00000000020019ac        0x4 /opt/devkitpro/wut/lib/libwut.a(wut_newlib.o)
                0x00000000020019ac                __fini_wut_newlib
 .text.__wut_gettod_r
                0x00000000020019b0       0xa4 /opt/devkitpro/wut/lib/libwut.a(wut_gettod_r.o)
                                         0x84 (size before relaxing)
                0x00000000020019b0                __wut_gettod_r
 .text.__wut_nanosleep
                0x0000000002001a54       0xf4 /opt/devkitpro/wut/lib/libwut.a(wut_nanosleep.o)
                                         0xd4 (size before relaxing)
                0x0000000002001a54                __wut_nanosleep
 .text.__init_wut_malloc
                0x0000000002001b48        0x4 /opt/devkitpro/wut/lib/libwut.a(wut_malloc.o)
                0x0000000002001b48                __init_wut_malloc
 .text.__fini_wut_malloc
                0x0000000002001b4c        0x4 /opt/devkitpro/wut/lib/libwut.a(wut_malloc.o)
                0x0000000002001b4c                __fini_wut_malloc
 .text._malloc_r
                0x0000000002001b50       0x60 /opt/devkitpro/wut/lib/libwut.a(wut_malloc.o)
                0x0000000002001b50                _malloc_r
 .text._free_r  0x0000000002001bb0       0x18 /opt/devkitpro/wut/lib/libwut.a(wut_malloc.o)
                0x0000000002001bb0                _free_r
 .text._realloc_r
                0x0000000002001bc8       0xe4 /opt/devkitpro/wut/lib/libwut.a(wut_malloc.o)
                                         0xd4 (size before relaxing)
                0x0000000002001bc8                _realloc_r
 .text._calloc_r
                0x0000000002001cac       0x90 /opt/devkitpro/wut/lib/libwut.a(wut_malloc.o)
                0x0000000002001cac                _calloc_r
 .text._memalign_r
                0x0000000002001d3c       0x14 /opt/devkitpro/wut/lib/libwut.a(wut_malloc.o)
                0x0000000002001d3c                _memalign_r
 .text.__init_wut_devoptab
                0x0000000002001d50      0x1c0 /opt/devkitpro/wut/lib/libwut.a(devoptab_fs.o)
                                        0x160 (size before relaxing)
                0x0000000002001d50                __init_wut_devoptab
 .text.__fini_wut_devoptab
                0x0000000002001f10       0x68 /opt/devkitpro/wut/lib/libwut.a(devoptab_fs.o)
                                         0x58 (size before relaxing)
                0x0000000002001f10                __fini_wut_devoptab
 .text.__wut_fs_dirclose
                0x0000000002001f78       0xb8 /opt/devkitpro/wut/lib/libwut.a(devoptab_fs_dirclose.o)
                                         0x98 (size before relaxing)
                0x0000000002001f78                __wut_fs_dirclose
 .text.__wut_fs_seek
                0x0000000002002030      0x194 /opt/devkitpro/wut/lib/libwut.a(devoptab_fs_seek.o)
                                        0x164 (size before relaxing)
                0x0000000002002030                __wut_fs_seek
 .text.__wut_fs_dirreset
                0x00000000020021c4       0xb8 /opt/devkitpro/wut/lib/libwut.a(devoptab_fs_dirreset.o)
                                         0x98 (size before relaxing)
                0x00000000020021c4                __wut_fs_dirreset
 .text.__wut_fs_rmdir
                0x000000000200227c       0xf0 /opt/devkitpro/wut/lib/libwut.a(devoptab_fs_rmdir.o)
                                         0xd0 (size before relaxing)
                0x000000000200227c                __wut_fs_rmdir
 .text.__wut_fs_open
                0x000000000200236c      0x21c /opt/devkitpro/wut/lib/libwut.a(devoptab_fs_open.o)
                                        0x1ec (size before relaxing)
                0x000000000200236c                __wut_fs_open
 .text.__wut_fs_write
                0x0000000002002588      0x1f8 /opt/devkitpro/wut/lib/libwut.a(devoptab_fs_write.o)
                                        0x1d8 (size before relaxing)
                0x0000000002002588                __wut_fs_write
 .text.__wut_fs_chmod
                0x0000000002002780       0xfc /opt/devkitpro/wut/lib/libwut.a(devoptab_fs_chmod.o)
                                         0xdc (size before relaxing)
                0x0000000002002780                __wut_fs_chmod
 .text.__wut_fs_fchmod
                0x000000000200287c       0x10 /opt/devkitpro/wut/lib/libwut.a(devoptab_fs_fchmod.o)
                0x000000000200287c                __wut_fs_fchmod
 .text.__wut_fs_mkdir
                0x000000000200288c       0xf0 /opt/devkitpro/wut/lib/libwut.a(devoptab_fs_mkdir.o)
                                         0xd0 (size before relaxing)
                0x000000000200288c                __wut_fs_mkdir
 .text.__wut_fs_dirnext
                0x000000000200297c      0x154 /opt/devkitpro/wut/lib/libwut.a(devoptab_fs_dirnext.o)
                                        0x134 (size before relaxing)
                0x000000000200297c                __wut_fs_dirnext
 .text.__wut_fs_statvfs
                0x0000000002002ad0       0x10 /opt/devkitpro/wut/lib/libwut.a(devoptab_fs_statvfs.o)
                0x0000000002002ad0                __wut_fs_statvfs
 .text.__wut_fs_ftruncate
                0x0000000002002ae0       0xf4 /opt/devkitpro/wut/lib/libwut.a(devoptab_fs_truncate.o)
                                         0xc4 (size before relaxing)
                0x0000000002002ae0                __wut_fs_ftruncate
 .text.__wut_fs_rename
                0x0000000002002bd4      0x120 /opt/devkitpro/wut/lib/libwut.a(devoptab_fs_rename.o)
                                        0x100 (size before relaxing)
                0x0000000002002bd4                __wut_fs_rename
 .text.WHBAddLogHandler
                0x0000000002002cf4       0x4c /opt/devkitpro/wut/lib/libwut.a(log.o)
                0x0000000002002cf4                WHBAddLogHandler
 .text.WHBLogPrintf
                0x0000000002002d40      0x1c8 /opt/devkitpro/wut/lib/libwut.a(log.o)
                0x0000000002002d40                WHBLogPrintf
 .text.consoleAddLine
                0x0000000002002f08      0x128 /opt/devkitpro/wut/lib/libwut.a(console.o)
 .text.WHBLogConsoleInit
                0x0000000002003030      0x1d8 /opt/devkitpro/wut/lib/libwut.a(console.o)
                                        0x168 (size before relaxing)
                0x0000000002003030                WHBLogConsoleInit
 .text.WHBLogConsoleFree
                0x0000000002003208       0x68 /opt/devkitpro/wut/lib/libwut.a(console.o)
                                         0x38 (size before relaxing)
                0x0000000002003208                WHBLogConsoleFree
 .text.WHBLogConsoleDraw
                0x0000000002003270      0x110 /opt/devkitpro/wut/lib/libwut.a(console.o)
                                         0xd0 (size before relaxing)
                0x0000000002003270                WHBLogConsoleDraw
 .text.procHomeButtonDenied
                0x0000000002003380       0x24 /opt/devkitpro/wut/lib/libwut.a(proc.o)
 .text.procSaveCallback
                0x00000000020033a4       0x34 /opt/devkitpro/wut/lib/libwut.a(proc.o)
                                         0x24 (size before relaxing)
 .text.WHBProcInit
                0x00000000020033d8      0x11c /opt/devkitpro/wut/lib/libwut.a(proc.o)
                                         0xcc (size before relaxing)
                0x00000000020033d8                WHBProcInit
 .text.WHBProcShutdown
                0x00000000020034f4       0x38 /opt/devkitpro/wut/lib/libwut.a(proc.o)
                                         0x28 (size before relaxing)
                0x00000000020034f4                WHBProcShutdown
 .text.__wut_lock_init
                0x000000000200352c       0x74 /opt/devkitpro/wut/lib/libwut.a(wut_lock.o)
                                         0x64 (size before relaxing)
                0x000000000200352c                __wut_lock_init
 .text.__wut_lock_close
                0x00000000020035a0       0x50 /opt/devkitpro/wut/lib/libwut.a(wut_lock.o)
                0x00000000020035a0                __wut_lock_close
 .text.__wut_lock_acquire
                0x00000000020035f0       0x48 /opt/devkitpro/wut/lib/libwut.a(wut_lock.o)
                                         0x38 (size before relaxing)
                0x00000000020035f0                __wut_lock_acquire
 .text.__wut_lock_release
                0x0000000002003638       0x48 /opt/devkitpro/wut/lib/libwut.a(wut_lock.o)
                                         0x38 (size before relaxing)
                0x0000000002003638                __wut_lock_release
 .text.__wut_clock_gettime
                0x0000000002003680      0x214 /opt/devkitpro/wut/lib/libwut.a(wut_clock.o)
                                        0x1e4 (size before relaxing)
                0x0000000002003680                __wut_clock_gettime
 .text.__wut_clock_settime
                0x0000000002003894        0x8 /opt/devkitpro/wut/lib/libwut.a(wut_clock.o)
                0x0000000002003894                __wut_clock_settime
 .text.__wut_clock_getres
                0x000000000200389c       0xb0 /opt/devkitpro/wut/lib/libwut.a(wut_clock.o)
                                         0xa0 (size before relaxing)
                0x000000000200389c                __wut_clock_getres
 .text.__wut_fs_stat
                0x000000000200394c      0x1f8 /opt/devkitpro/wut/lib/libwut.a(devoptab_fs_stat.o)
                                        0x1a8 (size before relaxing)
                0x000000000200394c                __wut_fs_stat
 .text.__wut_fs_chdir
                0x0000000002003b44       0xf0 /opt/devkitpro/wut/lib/libwut.a(devoptab_fs_chdir.o)
                                         0xd0 (size before relaxing)
                0x0000000002003b44                __wut_fs_chdir
 .text.__wut_fs_fstat
                0x0000000002003c34      0x108 /opt/devkitpro/wut/lib/libwut.a(devoptab_fs_fstat.o)
                                         0xe8 (size before relaxing)
                0x0000000002003c34                __wut_fs_fstat
 .text.__wut_fs_link
                0x0000000002003d3c       0x10 /opt/devkitpro/wut/lib/libwut.a(devoptab_fs_link.o)
                0x0000000002003d3c                __wut_fs_link
 .text.__wut_fs_read
                0x0000000002003d4c      0x1fc /opt/devkitpro/wut/lib/libwut.a(devoptab_fs_read.o)
                                        0x1dc (size before relaxing)
                0x0000000002003d4c                __wut_fs_read
 .text.__wut_fs_fixpath
                0x0000000002003f48       0xd8 /opt/devkitpro/wut/lib/libwut.a(devoptab_fs_utils.o)
                0x0000000002003f48                __wut_fs_fixpath
 .text.__wut_fs_translate_error
                0x0000000002004020       0x60 /opt/devkitpro/wut/lib/libwut.a(devoptab_fs_utils.o)
                0x0000000002004020                __wut_fs_translate_error
 .text.__wut_fs_close
                0x0000000002004080       0xb4 /opt/devkitpro/wut/lib/libwut.a(devoptab_fs_close.o)
                                         0x94 (size before relaxing)
                0x0000000002004080                __wut_fs_close
 .text.__wut_fs_unlink
                0x0000000002004134       0xf0 /opt/devkitpro/wut/lib/libwut.a(devoptab_fs_unlink.o)
                                         0xd0 (size before relaxing)
                0x0000000002004134                __wut_fs_unlink
 .text.__wut_fs_fsync
                0x0000000002004224       0xb4 /opt/devkitpro/wut/lib/libwut.a(devoptab_fs_fsync.o)
                                         0x94 (size before relaxing)
                0x0000000002004224                __wut_fs_fsync
 .text.__wut_fs_diropen
                0x00000000020042d8      0x158 /opt/devkitpro/wut/lib/libwut.a(devoptab_fs_diropen.o)
                                        0x138 (size before relaxing)
                0x00000000020042d8                __wut_fs_diropen
 .text.__udivdi3
                0x0000000002004430      0x3bc /opt/devkitpro/devkitPPC/lib/gcc/powerpc-eabi/8.3.0/libgcc.a(_udivdi3.o)
                0x0000000002004430                __udivdi3
 .text.null_write
                0x00000000020047ec        0x8 /opt/devkitpro/devkitPPC/lib/gcc/powerpc-eabi/8.3.0/../../../../powerpc-eabi/lib/libsysbase.a(iosupport.o)
 .text.setDefaultDevice
                0x00000000020047f4       0x18 /opt/devkitpro/devkitPPC/lib/gcc/powerpc-eabi/8.3.0/../../../../powerpc-eabi/lib/libsysbase.a(iosupport.o)
                0x00000000020047f4                setDefaultDevice
 .text.FindDevice
                0x000000000200480c      0x124 /opt/devkitpro/devkitPPC/lib/gcc/powerpc-eabi/8.3.0/../../../../powerpc-eabi/lib/libsysbase.a(iosupport.o)
                0x000000000200480c                FindDevice
 .text.AddDevice
                0x0000000002004930      0x118 /opt/devkitpro/devkitPPC/lib/gcc/powerpc-eabi/8.3.0/../../../../powerpc-eabi/lib/libsysbase.a(iosupport.o)
                0x0000000002004930                AddDevice
 .text._concatenate_path
                0x0000000002004a48      0x258 /opt/devkitpro/devkitPPC/lib/gcc/powerpc-eabi/8.3.0/../../../../powerpc-eabi/lib/libsysbase.a(chdir.o)
                0x0000000002004a48                _concatenate_path
 .text.chdir    0x0000000002004ca0      0x1b0 /opt/devkitpro/devkitPPC/lib/gcc/powerpc-eabi/8.3.0/../../../../powerpc-eabi/lib/libsysbase.a(chdir.o)
                0x0000000002004ca0                chdir
 .text.__libc_lock_init
                0x0000000002004e50       0x20 /opt/devkitpro/devkitPPC/lib/gcc/powerpc-eabi/8.3.0/../../../../powerpc-eabi/lib/libsysbase.a(syscall_support.o)
                0x0000000002004e50                __libc_lock_init
 .text.__libc_lock_release
                0x0000000002004e70       0x20 /opt/devkitpro/devkitPPC/lib/gcc/powerpc-eabi/8.3.0/../../../../powerpc-eabi/lib/libsysbase.a(syscall_support.o)
                0x0000000002004e70                __libc_lock_release
 .text.__libc_lock_acquire
                0x0000000002004e90       0x20 /opt/devkitpro/devkitPPC/lib/gcc/powerpc-eabi/8.3.0/../../../../powerpc-eabi/lib/libsysbase.a(syscall_support.o)
                0x0000000002004e90                __libc_lock_acquire
 .text.exit     0x0000000002004eb0       0x40 /opt/devkitpro/devkitPPC/lib/gcc/powerpc-eabi/8.3.0/../../../../powerpc-eabi/lib/libc.a(lib_a-exit.o)
                0x0000000002004eb0                exit
 .text.memalign
                0x0000000002004ef0       0x14 /opt/devkitpro/devkitPPC/lib/gcc/powerpc-eabi/8.3.0/../../../../powerpc-eabi/lib/libc.a(lib_a-malign.o)
                0x0000000002004ef0                memalign
 .text.malloc   0x0000000002004f04       0x10 /opt/devkitpro/devkitPPC/lib/gcc/powerpc-eabi/8.3.0/../../../../powerpc-eabi/lib/libc.a(lib_a-malloc.o)
                0x0000000002004f04                malloc
 .text.free     0x0000000002004f14       0x10 /opt/devkitpro/devkitPPC/lib/gcc/powerpc-eabi/8.3.0/../../../../powerpc-eabi/lib/libc.a(lib_a-malloc.o)
                0x0000000002004f14                free
 .text.memcpy   0x0000000002004f24      0x100 /opt/devkitpro/devkitPPC/lib/gcc/powerpc-eabi/8.3.0/../../../../powerpc-eabi/lib/libc.a(lib_a-memcpy.o)
                0x0000000002004f24                memcpy
 .text.memset   0x0000000002005024      0x104 /opt/devkitpro/devkitPPC/lib/gcc/powerpc-eabi/8.3.0/../../../../powerpc-eabi/lib/libc.a(lib_a-memset.o)
                0x0000000002005024                memset
 .text.snprintf
                0x0000000002005128      0x168 /opt/devkitpro/devkitPPC/lib/gcc/powerpc-eabi/8.3.0/../../../../powerpc-eabi/lib/libc.a(lib_a-snprintf.o)
                0x0000000002005128                snprintf
 .text.strchr   0x0000000002005290      0x160 /opt/devkitpro/devkitPPC/lib/gcc/powerpc-eabi/8.3.0/../../../../powerpc-eabi/lib/libc.a(lib_a-strchr.o)
                0x0000000002005290                strchr
 .text.strcmp   0x00000000020053f0       0xa8 /opt/devkitpro/devkitPPC/lib/gcc/powerpc-eabi/8.3.0/../../../../powerpc-eabi/lib/libc.a(lib_a-strcmp.o)
                0x00000000020053f0                strcmp
 .text.strcpy   0x0000000002005498       0x84 /opt/devkitpro/devkitPPC/lib/gcc/powerpc-eabi/8.3.0/../../../../powerpc-eabi/lib/libc.a(lib_a-strcpy.o)
                0x0000000002005498                strcpy
 .text.strlen   0x000000000200551c       0x8c /opt/devkitpro/devkitPPC/lib/gcc/powerpc-eabi/8.3.0/../../../../powerpc-eabi/lib/libc.a(lib_a-strlen.o)
                0x000000000200551c                strlen
 .text.strncmp  0x00000000020055a8      0x10c /opt/devkitpro/devkitPPC/lib/gcc/powerpc-eabi/8.3.0/../../../../powerpc-eabi/lib/libc.a(lib_a-strncmp.o)
                0x00000000020055a8                strncmp
 .text.strncpy  0x00000000020056b4       0xf0 /opt/devkitpro/devkitPPC/lib/gcc/powerpc-eabi/8.3.0/../../../../powerpc-eabi/lib/libc.a(lib_a-strncpy.o)
                0x00000000020056b4                strncpy
 .text.strnlen  0x00000000020057a4       0x50 /opt/devkitpro/devkitPPC/lib/gcc/powerpc-eabi/8.3.0/../../../../powerpc-eabi/lib/libc.a(lib_a-strnlen.o)
                0x00000000020057a4                strnlen
 .text.strrchr  0x00000000020057f4       0x6c /opt/devkitpro/devkitPPC/lib/gcc/powerpc-eabi/8.3.0/../../../../powerpc-eabi/lib/libc.a(lib_a-strrchr.o)
                0x00000000020057f4                strrchr
 .text._svfprintf_r
                0x0000000002005860     0x22e8 /opt/devkitpro/devkitPPC/lib/gcc/powerpc-eabi/8.3.0/../../../../powerpc-eabi/lib/libc.a(lib_a-svfprintf.o)
                0x0000000002005860                _svfprintf_r
 .text._vsnprintf_r
                0x0000000002007b48       0xe4 /opt/devkitpro/devkitPPC/lib/gcc/powerpc-eabi/8.3.0/../../../../powerpc-eabi/lib/libc.a(lib_a-vsnprintf.o)
                0x0000000002007b48                _vsnprintf_r
 .text.vsnprintf
                0x0000000002007c2c       0x1c /opt/devkitpro/devkitPPC/lib/gcc/powerpc-eabi/8.3.0/../../../../powerpc-eabi/lib/libc.a(lib_a-vsnprintf.o)
                0x0000000002007c2c                vsnprintf
 .text._wcrtomb_r
                0x0000000002007c48       0xe4 /opt/devkitpro/devkitPPC/lib/gcc/powerpc-eabi/8.3.0/../../../../powerpc-eabi/lib/libc.a(lib_a-wcrtomb.o)
                0x0000000002007c48                _wcrtomb_r
 .text._wcsrtombs_r
                0x0000000002007d2c       0x10 /opt/devkitpro/devkitPPC/lib/gcc/powerpc-eabi/8.3.0/../../../../powerpc-eabi/lib/libc.a(lib_a-wcsrtombs.o)
                0x0000000002007d2c                _wcsrtombs_r
 .text.__call_exitprocs
                0x0000000002007d3c      0x198 /opt/devkitpro/devkitPPC/lib/gcc/powerpc-eabi/8.3.0/../../../../powerpc-eabi/lib/libc.a(lib_a-__call_atexit.o)
                0x0000000002007d3c                __call_exitprocs
 .text.quorem   0x0000000002007ed4      0x240 /opt/devkitpro/devkitPPC/lib/gcc/powerpc-eabi/8.3.0/../../../../powerpc-eabi/lib/libc.a(lib_a-dtoa.o)
 .text._dtoa_r  0x0000000002008114     0x1338 /opt/devkitpro/devkitPPC/lib/gcc/powerpc-eabi/8.3.0/../../../../powerpc-eabi/lib/libc.a(lib_a-dtoa.o)
                0x0000000002008114                _dtoa_r
 .text._localeconv_r
                0x000000000200944c       0x2c /opt/devkitpro/devkitPPC/lib/gcc/powerpc-eabi/8.3.0/../../../../powerpc-eabi/lib/libc.a(lib_a-localeconv.o)
                0x000000000200944c                _localeconv_r
 .text.__locale_mb_cur_max
                0x0000000002009478       0x2c /opt/devkitpro/devkitPPC/lib/gcc/powerpc-eabi/8.3.0/../../../../powerpc-eabi/lib/libc.a(lib_a-locale.o)
                0x0000000002009478                __locale_mb_cur_max
 .text.__utf8_mbtowc
                0x00000000020094a4      0x5dc /opt/devkitpro/devkitPPC/lib/gcc/powerpc-eabi/8.3.0/../../../../powerpc-eabi/lib/libc.a(lib_a-mbtowc_r.o)
                0x00000000020094a4                __utf8_mbtowc
 .text.memchr   0x0000000002009a80       0xec /opt/devkitpro/devkitPPC/lib/gcc/powerpc-eabi/8.3.0/../../../../powerpc-eabi/lib/libc.a(lib_a-memchr.o)
                0x0000000002009a80                memchr
 .text._Balloc  0x0000000002009b6c       0xe0 /opt/devkitpro/devkitPPC/lib/gcc/powerpc-eabi/8.3.0/../../../../powerpc-eabi/lib/libc.a(lib_a-mprec.o)
                0x0000000002009b6c                _Balloc
 .text._Bfree   0x0000000002009c4c       0x24 /opt/devkitpro/devkitPPC/lib/gcc/powerpc-eabi/8.3.0/../../../../powerpc-eabi/lib/libc.a(lib_a-mprec.o)
                0x0000000002009c4c                _Bfree
 .text.__multadd
                0x0000000002009c70      0x138 /opt/devkitpro/devkitPPC/lib/gcc/powerpc-eabi/8.3.0/../../../../powerpc-eabi/lib/libc.a(lib_a-mprec.o)
                0x0000000002009c70                __multadd
 .text.__hi0bits
                0x0000000002009da8       0x6c /opt/devkitpro/devkitPPC/lib/gcc/powerpc-eabi/8.3.0/../../../../powerpc-eabi/lib/libc.a(lib_a-mprec.o)
                0x0000000002009da8                __hi0bits
 .text.__lo0bits
                0x0000000002009e14       0xbc /opt/devkitpro/devkitPPC/lib/gcc/powerpc-eabi/8.3.0/../../../../powerpc-eabi/lib/libc.a(lib_a-mprec.o)
                0x0000000002009e14                __lo0bits
 .text.__i2b    0x0000000002009ed0       0x3c /opt/devkitpro/devkitPPC/lib/gcc/powerpc-eabi/8.3.0/../../../../powerpc-eabi/lib/libc.a(lib_a-mprec.o)
                0x0000000002009ed0                __i2b
 .text.__multiply
                0x0000000002009f0c      0x248 /opt/devkitpro/devkitPPC/lib/gcc/powerpc-eabi/8.3.0/../../../../powerpc-eabi/lib/libc.a(lib_a-mprec.o)
                0x0000000002009f0c                __multiply
 .text.__pow5mult
                0x000000000200a154      0x16c /opt/devkitpro/devkitPPC/lib/gcc/powerpc-eabi/8.3.0/../../../../powerpc-eabi/lib/libc.a(lib_a-mprec.o)
                0x000000000200a154                __pow5mult
 .text.__lshift
                0x000000000200a2c0      0x15c /opt/devkitpro/devkitPPC/lib/gcc/powerpc-eabi/8.3.0/../../../../powerpc-eabi/lib/libc.a(lib_a-mprec.o)
                0x000000000200a2c0                __lshift
 .text.__mcmp   0x000000000200a41c       0x58 /opt/devkitpro/devkitPPC/lib/gcc/powerpc-eabi/8.3.0/../../../../powerpc-eabi/lib/libc.a(lib_a-mprec.o)
                0x000000000200a41c                __mcmp
 .text.__mdiff  0x000000000200a474      0x1f0 /opt/devkitpro/devkitPPC/lib/gcc/powerpc-eabi/8.3.0/../../../../powerpc-eabi/lib/libc.a(lib_a-mprec.o)
                0x000000000200a474                __mdiff
 .text.__d2b    0x000000000200a664      0x18c /opt/devkitpro/devkitPPC/lib/gcc/powerpc-eabi/8.3.0/../../../../powerpc-eabi/lib/libc.a(lib_a-mprec.o)
                0x000000000200a664                __d2b
 .text.__ssprint_r
                0x000000000200a7f0      0x24c /opt/devkitpro/devkitPPC/lib/gcc/powerpc-eabi/8.3.0/../../../../powerpc-eabi/lib/libc.a(lib_a-svfiprintf.o)
                0x000000000200a7f0                __ssprint_r
 .text._wcsnrtombs_l
                0x000000000200aa3c      0x1e4 /opt/devkitpro/devkitPPC/lib/gcc/powerpc-eabi/8.3.0/../../../../powerpc-eabi/lib/libc.a(lib_a-wcsnrtombs.o)
                0x000000000200aa3c                _wcsnrtombs_l
 .text._wcsnrtombs_r
                0x000000000200ac20       0x24 /opt/devkitpro/devkitPPC/lib/gcc/powerpc-eabi/8.3.0/../../../../powerpc-eabi/lib/libc.a(lib_a-wcsnrtombs.o)
                0x000000000200ac20                _wcsnrtombs_r
 .text.__utf8_wctomb
                0x000000000200ac44      0x118 /opt/devkitpro/devkitPPC/lib/gcc/powerpc-eabi/8.3.0/../../../../powerpc-eabi/lib/libc.a(lib_a-wctomb_r.o)
                0x000000000200ac44                __utf8_wctomb
 .text.memmove  0x000000000200ad5c      0x138 /opt/devkitpro/devkitPPC/lib/gcc/powerpc-eabi/8.3.0/../../../../powerpc-eabi/lib/libc.a(lib_a-memmove.o)
                0x000000000200ad5c                memmove
 .text._exit    0x000000000200ae94       0x2c /opt/devkitpro/devkitPPC/lib/gcc/powerpc-eabi/8.3.0/../../../../powerpc-eabi/lib/libsysbase.a(_exit.o)
                0x000000000200ae94                _exit
 .text.__umoddi3
                0x000000000200aec0      0x370 /opt/devkitpro/devkitPPC/lib/gcc/powerpc-eabi/8.3.0/libgcc.a(_umoddi3.o)
                0x000000000200aec0                __umoddi3
 .text.__do_global_ctors_aux
                0x000000000200b230       0x50 /opt/devkitpro/devkitPPC/lib/gcc/powerpc-eabi/8.3.0/crtend.o
 *(.gnu.warning)
 *(.gnu.linkonce.t.*)
 *(.fini)
 .fini          0x000000000200b280        0xc /opt/devkitpro/devkitPPC/lib/gcc/powerpc-eabi/8.3.0/ecrti.o
                0x000000000200b280                __fini
 .fini          0x000000000200b28c        0x4 /opt/devkitpro/devkitPPC/lib/gcc/powerpc-eabi/8.3.0/crtbegin.o
 .fini          0x000000000200b290       0x10 /opt/devkitpro/devkitPPC/lib/gcc/powerpc-eabi/8.3.0/ecrtn.o

.glink          0x000000000200b2a0        0x0
 .glink         0x000000000200b2a0        0x0 /opt/devkitpro/devkitPPC/lib/gcc/powerpc-eabi/8.3.0/crtbegin.o

.rela.dyn       0x000000000200b2a0        0x0
 .rela.iplt     0x000000000200b2a0        0x0 /opt/devkitpro/devkitPPC/lib/gcc/powerpc-eabi/8.3.0/crtbegin.o
                0x0000000010000000                . = ORIGIN (datamem)

.rodata         0x0000000010000000     0x3c94
 *(.rodata)
 *(.rodata.*)
 .rodata.str1.4
                0x0000000010000000      0xc65 main.o
                                        0xc69 (size before relaxing)
 *fill*         0x0000000010000c65        0x3 
 .rodata.str1.4
                0x0000000010000c68        0x3 /opt/devkitpro/wut/lib/libwut.a(devoptab_fs.o)
 *fill*         0x0000000010000c6b        0x1 
 .rodata.__wut_fs_open.str1.4
                0x0000000010000c6c       0x17 /opt/devkitpro/wut/lib/libwut.a(devoptab_fs_open.o)
 *fill*         0x0000000010000c83        0x1 
 .rodata.WHBLogPrint.str1.4
                0x0000000010000c84        0x4 /opt/devkitpro/wut/lib/libwut.a(log.o)
 .rodata.WHBLogConsoleInit.str1.4
                0x0000000010000c88       0x80 /opt/devkitpro/wut/lib/libwut.a(console.o)
 .rodata.__wut_fs_stat.str1.4
                0x0000000010000d08        0x2 /opt/devkitpro/wut/lib/libwut.a(devoptab_fs_stat.o)
 .rodata.AddDevice.str1.4
                0x0000000010000d08        0x8 /opt/devkitpro/devkitPPC/lib/gcc/powerpc-eabi/8.3.0/../../../../powerpc-eabi/lib/libsysbase.a(iosupport.o)
 .rodata.dotab_stdnull
                0x0000000010000d10       0x70 /opt/devkitpro/devkitPPC/lib/gcc/powerpc-eabi/8.3.0/../../../../powerpc-eabi/lib/libsysbase.a(iosupport.o)
                0x0000000010000d10                dotab_stdnull
 .rodata._ctype_
                0x0000000010000d80      0x101 /opt/devkitpro/devkitPPC/lib/gcc/powerpc-eabi/8.3.0/../../../../powerpc-eabi/lib/libc.a(lib_a-ctype_.o)
                0x0000000010000d80                _ctype_
 *fill*         0x0000000010000e81        0x3 
 .rodata._svfprintf_r
                0x0000000010000e84      0x164 /opt/devkitpro/devkitPPC/lib/gcc/powerpc-eabi/8.3.0/../../../../powerpc-eabi/lib/libc.a(lib_a-svfprintf.o)
 .rodata._svfprintf_r.cst4
                0x0000000010000fe8        0x4 /opt/devkitpro/devkitPPC/lib/gcc/powerpc-eabi/8.3.0/../../../../powerpc-eabi/lib/libc.a(lib_a-svfprintf.o)
 *fill*         0x0000000010000fec        0x4 
 .rodata._svfprintf_r.cst8
                0x0000000010000ff0        0x8 /opt/devkitpro/devkitPPC/lib/gcc/powerpc-eabi/8.3.0/../../../../powerpc-eabi/lib/libc.a(lib_a-svfprintf.o)
 .rodata._svfprintf_r.str1.4
                0x0000000010000ff8       0x42 /opt/devkitpro/devkitPPC/lib/gcc/powerpc-eabi/8.3.0/../../../../powerpc-eabi/lib/libc.a(lib_a-svfprintf.o)
 *fill*         0x000000001000103a        0x2 
 .rodata.blanks.5782
                0x000000001000103c       0x10 /opt/devkitpro/devkitPPC/lib/gcc/powerpc-eabi/8.3.0/../../../../powerpc-eabi/lib/libc.a(lib_a-svfprintf.o)
 .rodata.zeroes.5783
                0x000000001000104c       0x10 /opt/devkitpro/devkitPPC/lib/gcc/powerpc-eabi/8.3.0/../../../../powerpc-eabi/lib/libc.a(lib_a-svfprintf.o)
 .rodata._dtoa_r.cst4
                0x000000001000105c       0x20 /opt/devkitpro/devkitPPC/lib/gcc/powerpc-eabi/8.3.0/../../../../powerpc-eabi/lib/libc.a(lib_a-dtoa.o)
                                         0x24 (size before relaxing)
 *fill*         0x000000001000107c        0x4 
 .rodata._dtoa_r.cst8
                0x0000000010001080       0x18 /opt/devkitpro/devkitPPC/lib/gcc/powerpc-eabi/8.3.0/../../../../powerpc-eabi/lib/libc.a(lib_a-dtoa.o)
 .rodata._dtoa_r.str1.4
                0x0000000010001098        0xd /opt/devkitpro/devkitPPC/lib/gcc/powerpc-eabi/8.3.0/../../../../powerpc-eabi/lib/libc.a(lib_a-dtoa.o)
                                         0x12 (size before relaxing)
 *fill*         0x00000000100010a5        0x3 
 .rodata.str1.4
                0x00000000100010a8       0x44 /opt/devkitpro/devkitPPC/lib/gcc/powerpc-eabi/8.3.0/../../../../powerpc-eabi/lib/libc.a(lib_a-locale.o)
                                         0x4c (size before relaxing)
 *fill*         0x00000000100010ec        0x4 
 .rodata.__mprec_bigtens
                0x00000000100010f0       0x28 /opt/devkitpro/devkitPPC/lib/gcc/powerpc-eabi/8.3.0/../../../../powerpc-eabi/lib/libc.a(lib_a-mprec.o)
                0x00000000100010f0                __mprec_bigtens
 .rodata.__mprec_tens
                0x0000000010001118       0xc8 /opt/devkitpro/devkitPPC/lib/gcc/powerpc-eabi/8.3.0/../../../../powerpc-eabi/lib/libc.a(lib_a-mprec.o)
                0x0000000010001118                __mprec_tens
 .rodata.p05.4569
                0x00000000100011e0        0xc /opt/devkitpro/devkitPPC/lib/gcc/powerpc-eabi/8.3.0/../../../../powerpc-eabi/lib/libc.a(lib_a-mprec.o)
 *(.gnu.linkonce.r.*)
 *(.preinit_array)
 *(.init_array)
 *(.fini_array)
 *crtbegin.o(.ctors)
 .ctors         0x00000000100011ec        0x4 /opt/devkitpro/devkitPPC/lib/gcc/powerpc-eabi/8.3.0/crtbegin.o
 *(EXCLUDE_FILE(*crtend.o) .ctors)
 .ctors         0x00000000100011f0        0x0 /opt/devkitpro/devkitPPC/lib/gcc/powerpc-eabi/8.3.0/ecrti.o
                0x00000000100011f0                __CTOR_LIST__
 .ctors         0x00000000100011f0        0x0 /opt/devkitpro/devkitPPC/lib/gcc/powerpc-eabi/8.3.0/ecrtn.o
                0x00000000100011f0                __CTOR_END__
 *(SORT_BY_NAME(.ctors.*))
 *(.ctors)
 .ctors         0x00000000100011f0        0x4 /opt/devkitpro/devkitPPC/lib/gcc/powerpc-eabi/8.3.0/crtend.o
 *crtbegin.o(.dtors)
 .dtors         0x00000000100011f4        0x4 /opt/devkitpro/devkitPPC/lib/gcc/powerpc-eabi/8.3.0/crtbegin.o
 *(EXCLUDE_FILE(*crtend.o) .dtors)
 .dtors         0x00000000100011f8        0x0 /opt/devkitpro/devkitPPC/lib/gcc/powerpc-eabi/8.3.0/ecrti.o
                0x00000000100011f8                __DTOR_LIST__
 .dtors         0x00000000100011f8        0x0 /opt/devkitpro/devkitPPC/lib/gcc/powerpc-eabi/8.3.0/ecrtn.o
 *(SORT_BY_NAME(.dtors.*))
 *(.dtors)
 .dtors         0x00000000100011f8        0x4 /opt/devkitpro/devkitPPC/lib/gcc/powerpc-eabi/8.3.0/crtend.o
                0x00000000100011f8                __DTOR_END__
 *(.jcr)
 *(.dynamic)
 *(.eh_frame_hdr)
 .eh_frame_hdr  0x00000000100011fc        0x0 main.o
 *(.eh_frame)
 .eh_frame      0x00000000100011fc        0x0 /opt/devkitpro/devkitPPC/lib/gcc/powerpc-eabi/8.3.0/ecrti.o
                0x00000000100011fc                __EH_FRAME_BEGIN__
 .eh_frame      0x00000000100011fc        0x0 /opt/devkitpro/devkitPPC/lib/gcc/powerpc-eabi/8.3.0/crtbegin.o
 .eh_frame      0x00000000100011fc        0x0 /opt/devkitpro/devkitPPC/lib/gcc/powerpc-eabi/8.3.0/crtbegin.o
 .eh_frame      0x00000000100011fc       0x90 main.o
 .eh_frame      0x000000001000128c       0x54 /opt/devkitpro/wut/lib/libwut.a(wut_crt.o)
 .eh_frame      0x00000000100012e0       0x44 /opt/devkitpro/wut/lib/libwut.a(wut_newlib.o)
 .eh_frame      0x0000000010001324       0x3c /opt/devkitpro/wut/lib/libwut.a(wut_gettod_r.o)
 .eh_frame      0x0000000010001360       0x48 /opt/devkitpro/wut/lib/libwut.a(wut_nanosleep.o)
 .eh_frame      0x00000000100013a8      0x1a0 /opt/devkitpro/wut/lib/libwut.a(wut_malloc.o)
 .eh_frame      0x0000000010001548       0x8c /opt/devkitpro/wut/lib/libwut.a(devoptab_fs.o)
 .eh_frame      0x00000000100015d4       0x50 /opt/devkitpro/wut/lib/libwut.a(devoptab_fs_dirclose.o)
 .eh_frame      0x0000000010001624       0x80 /opt/devkitpro/wut/lib/libwut.a(devoptab_fs_seek.o)
 .eh_frame      0x00000000100016a4       0x50 /opt/devkitpro/wut/lib/libwut.a(devoptab_fs_dirreset.o)
 .eh_frame      0x00000000100016f4       0x64 /opt/devkitpro/wut/lib/libwut.a(devoptab_fs_rmdir.o)
 .eh_frame      0x0000000010001758       0xdc /opt/devkitpro/wut/lib/libwut.a(devoptab_fs_open.o)
 .eh_frame      0x0000000010001834       0x9c /opt/devkitpro/wut/lib/libwut.a(devoptab_fs_write.o)
 .eh_frame      0x00000000100018d0       0x64 /opt/devkitpro/wut/lib/libwut.a(devoptab_fs_chmod.o)
 .eh_frame      0x0000000010001934       0x28 /opt/devkitpro/wut/lib/libwut.a(devoptab_fs_fchmod.o)
 .eh_frame      0x000000001000195c       0x64 /opt/devkitpro/wut/lib/libwut.a(devoptab_fs_mkdir.o)
 .eh_frame      0x00000000100019c0       0x58 /opt/devkitpro/wut/lib/libwut.a(devoptab_fs_dirnext.o)
 .eh_frame      0x0000000010001a18       0x28 /opt/devkitpro/wut/lib/libwut.a(devoptab_fs_statvfs.o)
 .eh_frame      0x0000000010001a40       0x58 /opt/devkitpro/wut/lib/libwut.a(devoptab_fs_truncate.o)
 .eh_frame      0x0000000010001a98       0x68 /opt/devkitpro/wut/lib/libwut.a(devoptab_fs_rename.o)
 .eh_frame      0x0000000010001b00      0x120 /opt/devkitpro/wut/lib/libwut.a(log.o)
 .eh_frame      0x0000000010001c20       0xf8 /opt/devkitpro/wut/lib/libwut.a(console.o)
 .eh_frame      0x0000000010001d18       0xd0 /opt/devkitpro/wut/lib/libwut.a(proc.o)
 .eh_frame      0x0000000010001de8       0xbc /opt/devkitpro/wut/lib/libwut.a(wut_lock.o)
 .eh_frame      0x0000000010001ea4       0xb0 /opt/devkitpro/wut/lib/libwut.a(wut_clock.o)
 .eh_frame      0x0000000010001f54       0x88 /opt/devkitpro/wut/lib/libwut.a(devoptab_fs_stat.o)
 .eh_frame      0x0000000010001fdc       0x64 /opt/devkitpro/wut/lib/libwut.a(devoptab_fs_chdir.o)
 .eh_frame      0x0000000010002040       0x58 /opt/devkitpro/wut/lib/libwut.a(devoptab_fs_fstat.o)
 .eh_frame      0x0000000010002098       0x28 /opt/devkitpro/wut/lib/libwut.a(devoptab_fs_link.o)
 .eh_frame      0x00000000100020c0       0x9c /opt/devkitpro/wut/lib/libwut.a(devoptab_fs_read.o)
 .eh_frame      0x000000001000215c       0x74 /opt/devkitpro/wut/lib/libwut.a(devoptab_fs_utils.o)
 .eh_frame      0x00000000100021d0       0x50 /opt/devkitpro/wut/lib/libwut.a(devoptab_fs_close.o)
 .eh_frame      0x0000000010002220       0x64 /opt/devkitpro/wut/lib/libwut.a(devoptab_fs_unlink.o)
 .eh_frame      0x0000000010002284       0x50 /opt/devkitpro/wut/lib/libwut.a(devoptab_fs_fsync.o)
 .eh_frame      0x00000000100022d4       0x84 /opt/devkitpro/wut/lib/libwut.a(devoptab_fs_diropen.o)
 .eh_frame      0x0000000010002358       0x3c /opt/devkitpro/devkitPPC/lib/gcc/powerpc-eabi/8.3.0/libgcc.a(_divdi3.o)
 .eh_frame      0x0000000010002394       0x48 /opt/devkitpro/devkitPPC/lib/gcc/powerpc-eabi/8.3.0/libgcc.a(_udivdi3.o)
 .eh_frame      0x00000000100023dc      0x124 /opt/devkitpro/devkitPPC/lib/gcc/powerpc-eabi/8.3.0/../../../../powerpc-eabi/lib/libsysbase.a(iosupport.o)
 .eh_frame      0x0000000010002500      0x154 /opt/devkitpro/devkitPPC/lib/gcc/powerpc-eabi/8.3.0/../../../../powerpc-eabi/lib/libsysbase.a(chdir.o)
 .eh_frame      0x0000000010002654       0x8c /opt/devkitpro/devkitPPC/lib/gcc/powerpc-eabi/8.3.0/../../../../powerpc-eabi/lib/libsysbase.a(syscall_support.o)
 .eh_frame      0x00000000100026e0       0x28 /opt/devkitpro/devkitPPC/lib/gcc/powerpc-eabi/8.3.0/../../../../powerpc-eabi/lib/libc.a(lib_a-ctype_.o)
 .eh_frame      0x0000000010002708       0x34 /opt/devkitpro/devkitPPC/lib/gcc/powerpc-eabi/8.3.0/../../../../powerpc-eabi/lib/libc.a(lib_a-exit.o)
 .eh_frame      0x000000001000273c       0x28 /opt/devkitpro/devkitPPC/lib/gcc/powerpc-eabi/8.3.0/../../../../powerpc-eabi/lib/libc.a(lib_a-malign.o)
 .eh_frame      0x0000000010002764       0x3c /opt/devkitpro/devkitPPC/lib/gcc/powerpc-eabi/8.3.0/../../../../powerpc-eabi/lib/libc.a(lib_a-malloc.o)
 .eh_frame      0x00000000100027a0       0x28 /opt/devkitpro/devkitPPC/lib/gcc/powerpc-eabi/8.3.0/../../../../powerpc-eabi/lib/libc.a(lib_a-memcpy.o)
 .eh_frame      0x00000000100027c8       0x28 /opt/devkitpro/devkitPPC/lib/gcc/powerpc-eabi/8.3.0/../../../../powerpc-eabi/lib/libc.a(lib_a-memset.o)
 .eh_frame      0x00000000100027f0       0xa4 /opt/devkitpro/devkitPPC/lib/gcc/powerpc-eabi/8.3.0/../../../../powerpc-eabi/lib/libc.a(lib_a-snprintf.o)
 .eh_frame      0x0000000010002894       0x28 /opt/devkitpro/devkitPPC/lib/gcc/powerpc-eabi/8.3.0/../../../../powerpc-eabi/lib/libc.a(lib_a-strchr.o)
 .eh_frame      0x00000000100028bc       0x28 /opt/devkitpro/devkitPPC/lib/gcc/powerpc-eabi/8.3.0/../../../../powerpc-eabi/lib/libc.a(lib_a-strcmp.o)
 .eh_frame      0x00000000100028e4       0x28 /opt/devkitpro/devkitPPC/lib/gcc/powerpc-eabi/8.3.0/../../../../powerpc-eabi/lib/libc.a(lib_a-strcpy.o)
 .eh_frame      0x000000001000290c       0x28 /opt/devkitpro/devkitPPC/lib/gcc/powerpc-eabi/8.3.0/../../../../powerpc-eabi/lib/libc.a(lib_a-strlen.o)
 .eh_frame      0x0000000010002934       0x28 /opt/devkitpro/devkitPPC/lib/gcc/powerpc-eabi/8.3.0/../../../../powerpc-eabi/lib/libc.a(lib_a-strncmp.o)
 .eh_frame      0x000000001000295c       0x28 /opt/devkitpro/devkitPPC/lib/gcc/powerpc-eabi/8.3.0/../../../../powerpc-eabi/lib/libc.a(lib_a-strncpy.o)
 .eh_frame      0x0000000010002984       0x28 /opt/devkitpro/devkitPPC/lib/gcc/powerpc-eabi/8.3.0/../../../../powerpc-eabi/lib/libc.a(lib_a-strnlen.o)
 .eh_frame      0x00000000100029ac       0x48 /opt/devkitpro/devkitPPC/lib/gcc/powerpc-eabi/8.3.0/../../../../powerpc-eabi/lib/libc.a(lib_a-strrchr.o)
 .eh_frame      0x00000000100029f4      0x168 /opt/devkitpro/devkitPPC/lib/gcc/powerpc-eabi/8.3.0/../../../../powerpc-eabi/lib/libc.a(lib_a-svfprintf.o)
 .eh_frame      0x0000000010002b5c       0x70 /opt/devkitpro/devkitPPC/lib/gcc/powerpc-eabi/8.3.0/../../../../powerpc-eabi/lib/libc.a(lib_a-vsnprintf.o)
 .eh_frame      0x0000000010002bcc       0x84 /opt/devkitpro/devkitPPC/lib/gcc/powerpc-eabi/8.3.0/../../../../powerpc-eabi/lib/libc.a(lib_a-wcrtomb.o)
 .eh_frame      0x0000000010002c50       0x3c /opt/devkitpro/devkitPPC/lib/gcc/powerpc-eabi/8.3.0/../../../../powerpc-eabi/lib/libc.a(lib_a-wcsrtombs.o)
 .eh_frame      0x0000000010002c8c       0x64 /opt/devkitpro/devkitPPC/lib/gcc/powerpc-eabi/8.3.0/../../../../powerpc-eabi/lib/libc.a(lib_a-__call_atexit.o)
 .eh_frame      0x0000000010002cf0      0x1ec /opt/devkitpro/devkitPPC/lib/gcc/powerpc-eabi/8.3.0/../../../../powerpc-eabi/lib/libc.a(lib_a-dtoa.o)
 .eh_frame      0x0000000010002edc       0x50 /opt/devkitpro/devkitPPC/lib/gcc/powerpc-eabi/8.3.0/../../../../powerpc-eabi/lib/libc.a(lib_a-localeconv.o)
 .eh_frame      0x0000000010002f2c      0x25c /opt/devkitpro/devkitPPC/lib/gcc/powerpc-eabi/8.3.0/../../../../powerpc-eabi/lib/libc.a(lib_a-locale.o)
 .eh_frame      0x0000000010003188      0x15c /opt/devkitpro/devkitPPC/lib/gcc/powerpc-eabi/8.3.0/../../../../powerpc-eabi/lib/libc.a(lib_a-mbtowc_r.o)
 .eh_frame      0x00000000100032e4       0x28 /opt/devkitpro/devkitPPC/lib/gcc/powerpc-eabi/8.3.0/../../../../powerpc-eabi/lib/libc.a(lib_a-memchr.o)
 .eh_frame      0x000000001000330c      0x388 /opt/devkitpro/devkitPPC/lib/gcc/powerpc-eabi/8.3.0/../../../../powerpc-eabi/lib/libc.a(lib_a-mprec.o)
 .eh_frame      0x0000000010003694       0x28 /opt/devkitpro/devkitPPC/lib/gcc/powerpc-eabi/8.3.0/../../../../powerpc-eabi/lib/libc.a(lib_a-strcasecmp.o)
 .eh_frame      0x00000000100036bc       0x3c /opt/devkitpro/devkitPPC/lib/gcc/powerpc-eabi/8.3.0/../../../../powerpc-eabi/lib/libc.a(lib_a-strcat.o)
 .eh_frame      0x00000000100036f8       0x28 /opt/devkitpro/devkitPPC/lib/gcc/powerpc-eabi/8.3.0/../../../../powerpc-eabi/lib/libc.a(lib_a-strlcpy.o)
 .eh_frame      0x0000000010003720       0x28 /opt/devkitpro/devkitPPC/lib/gcc/powerpc-eabi/8.3.0/../../../../powerpc-eabi/lib/libc.a(lib_a-strncasecmp.o)
 .eh_frame      0x0000000010003748       0x74 /opt/devkitpro/devkitPPC/lib/gcc/powerpc-eabi/8.3.0/../../../../powerpc-eabi/lib/libc.a(lib_a-strtol.o)
 .eh_frame      0x00000000100037bc      0x198 /opt/devkitpro/devkitPPC/lib/gcc/powerpc-eabi/8.3.0/../../../../powerpc-eabi/lib/libc.a(lib_a-svfiprintf.o)
 .eh_frame      0x0000000010003954       0xe4 /opt/devkitpro/devkitPPC/lib/gcc/powerpc-eabi/8.3.0/../../../../powerpc-eabi/lib/libc.a(lib_a-wcsnrtombs.o)
 .eh_frame      0x0000000010003a38       0x8c /opt/devkitpro/devkitPPC/lib/gcc/powerpc-eabi/8.3.0/../../../../powerpc-eabi/lib/libc.a(lib_a-wctomb_r.o)
 .eh_frame      0x0000000010003ac4       0xac /opt/devkitpro/devkitPPC/lib/gcc/powerpc-eabi/8.3.0/../../../../powerpc-eabi/lib/libc.a(lib_a-getenv_r.o)
 .eh_frame      0x0000000010003b70       0x28 /opt/devkitpro/devkitPPC/lib/gcc/powerpc-eabi/8.3.0/../../../../powerpc-eabi/lib/libc.a(lib_a-memmove.o)
 .eh_frame      0x0000000010003b98       0x58 /opt/devkitpro/devkitPPC/lib/gcc/powerpc-eabi/8.3.0/../../../../powerpc-eabi/lib/libc.a(lib_a-envlock.o)
 .eh_frame      0x0000000010003bf0       0x34 /opt/devkitpro/devkitPPC/lib/gcc/powerpc-eabi/8.3.0/../../../../powerpc-eabi/lib/libsysbase.a(_exit.o)
 .eh_frame      0x0000000010003c24       0x4c /opt/devkitpro/devkitPPC/lib/gcc/powerpc-eabi/8.3.0/libgcc.a(_umoddi3.o)
 .eh_frame      0x0000000010003c70        0x4 /opt/devkitpro/devkitPPC/lib/gcc/powerpc-eabi/8.3.0/crtend.o
 .eh_frame      0x0000000010003c74        0x4 /opt/devkitpro/devkitPPC/lib/gcc/powerpc-eabi/8.3.0/ecrtn.o
                0x0000000010003c74                __EH_FRAME_END__
 *(.fixup)
 *(.gcc_except_table)
 *(.gcc_except_table.*)
 *(.got)
 *(.got1)
 *(.got2)
 .got2          0x0000000010003c78       0x1c /opt/devkitpro/devkitPPC/lib/gcc/powerpc-eabi/8.3.0/libgcc.a(eabi.o)
 *(.got.plt)
 *(.plt)
 *(.tm_clone_table)
 .tm_clone_table
                0x0000000010003c94        0x0 /opt/devkitpro/devkitPPC/lib/gcc/powerpc-eabi/8.3.0/crtbegin.o
 .tm_clone_table
                0x0000000010003c94        0x0 /opt/devkitpro/devkitPPC/lib/gcc/powerpc-eabi/8.3.0/crtend.o
                0x0000000010003c94                __TMC_END__

.data           0x0000000010003c98     0x167b
 *(.data)
 .data          0x0000000010003c98        0x4 /opt/devkitpro/devkitPPC/lib/gcc/powerpc-eabi/8.3.0/libgcc.a(eabi.o)
 *(.data.*)
 .data.__wut_fs_devoptab
                0x0000000010003c9c       0x70 /opt/devkitpro/wut/lib/libwut.a(devoptab_fs.o)
 .data.defaultDevice
                0x0000000010003d0c        0x4 /opt/devkitpro/devkitPPC/lib/gcc/powerpc-eabi/8.3.0/../../../../powerpc-eabi/lib/libsysbase.a(iosupport.o)
 .data.devoptab_list
                0x0000000010003d10       0x40 /opt/devkitpro/devkitPPC/lib/gcc/powerpc-eabi/8.3.0/../../../../powerpc-eabi/lib/libsysbase.a(iosupport.o)
                0x0000000010003d10                devoptab_list
 .data._current_working_directory
                0x0000000010003d50     0x1000 /opt/devkitpro/devkitPPC/lib/gcc/powerpc-eabi/8.3.0/../../../../powerpc-eabi/lib/libsysbase.a(chdir.o)
 .data.impure_data
                0x0000000010004d50      0x448 /opt/devkitpro/devkitPPC/lib/gcc/powerpc-eabi/8.3.0/../../../../powerpc-eabi/lib/libc.a(lib_a-impure.o)
 .data.__global_locale
                0x0000000010005198      0x16c /opt/devkitpro/devkitPPC/lib/gcc/powerpc-eabi/8.3.0/../../../../powerpc-eabi/lib/libc.a(lib_a-locale.o)
                0x0000000010005198                __global_locale
 *(.gnu.linkonce.d.*)
                0x0000000010005304                __sdata_start = .
 *(.sdata)
 .sdata         0x0000000010005304        0x0 /opt/devkitpro/devkitPPC/lib/gcc/powerpc-eabi/8.3.0/crtbegin.o
 .sdata         0x0000000010005304        0x4 main.o
                0x0000000010005304                version
 .sdata         0x0000000010005308        0x8 /opt/devkitpro/devkitPPC/lib/gcc/powerpc-eabi/8.3.0/../../../../powerpc-eabi/lib/libc.a(lib_a-impure.o)
                0x0000000010005308                _global_impure_ptr
                0x000000001000530c                _impure_ptr
 *(.sdata.*)
 .sdata.DIRECTORY_PARENT
                0x0000000010005310        0x3 /opt/devkitpro/devkitPPC/lib/gcc/powerpc-eabi/8.3.0/../../../../powerpc-eabi/lib/libsysbase.a(chdir.o)
                0x0000000010005310                DIRECTORY_PARENT
 *(.gnu.linkonce.s.*)
                0x0000000010005313                __sdata_end = .
                0x0000000010005313                __sdata2_start = .
 *(.sdata2)
 .sdata2        0x0000000010005313        0x0 /opt/devkitpro/devkitPPC/lib/gcc/powerpc-eabi/8.3.0/crtbegin.o
 *(.sdata2.*)
 *(.gnu.linkonce.s2.*)
                0x0000000010005313                __sdata2_end = .
                0x0000000010005313                __bss_start = .

.branch_lt      0x0000000010005314        0x0
 .branch_lt     0x0000000010005314        0x0 /opt/devkitpro/devkitPPC/lib/gcc/powerpc-eabi/8.3.0/crtbegin.o

.bss            0x0000000010005314     0x18c0
 *(.dynbss)
 *(.bss)
 *(.bss.*)
 .bss.completed.8687
                0x0000000010005314        0x1 /opt/devkitpro/devkitPPC/lib/gcc/powerpc-eabi/8.3.0/crtbegin.o
 *fill*         0x0000000010005315        0x3 
 .bss.dtor_idx.8689
                0x0000000010005318        0x4 /opt/devkitpro/devkitPPC/lib/gcc/powerpc-eabi/8.3.0/crtbegin.o
 .bss.object.8702
                0x000000001000531c       0x18 /opt/devkitpro/devkitPPC/lib/gcc/powerpc-eabi/8.3.0/crtbegin.o
 .bss.__wut_fs_initialised
                0x0000000010005334        0x4 /opt/devkitpro/wut/lib/libwut.a(devoptab_fs.o)
 .bss.sHandlers
                0x0000000010005338       0x40 /opt/devkitpro/wut/lib/libwut.a(log.o)
 .bss.sBufferDRC
                0x0000000010005378        0x4 /opt/devkitpro/wut/lib/libwut.a(console.o)
 .bss.sBufferSizeDRC
                0x000000001000537c        0x4 /opt/devkitpro/wut/lib/libwut.a(console.o)
 .bss.sBufferSizeTV
                0x0000000010005380        0x4 /opt/devkitpro/wut/lib/libwut.a(console.o)
 .bss.sBufferTV
                0x0000000010005384        0x4 /opt/devkitpro/wut/lib/libwut.a(console.o)
 .bss.sConsoleBuffer
                0x0000000010005388      0x800 /opt/devkitpro/wut/lib/libwut.a(console.o)
 .bss.sLineNum  0x0000000010005b88        0x4 /opt/devkitpro/wut/lib/libwut.a(console.o)
 .bss.sFromHBL  0x0000000010005b8c        0x4 /opt/devkitpro/wut/lib/libwut.a(proc.o)
 .bss.sMainCore
                0x0000000010005b90        0x4 /opt/devkitpro/wut/lib/libwut.a(proc.o)
 .bss.sRunning  0x0000000010005b94        0x4 /opt/devkitpro/wut/lib/libwut.a(proc.o)
 .bss.temp_cwd  0x0000000010005b98     0x1000 /opt/devkitpro/devkitPPC/lib/gcc/powerpc-eabi/8.3.0/../../../../powerpc-eabi/lib/libsysbase.a(chdir.o)
 .bss.__syscalls
                0x0000000010006b98       0x34 /opt/devkitpro/devkitPPC/lib/gcc/powerpc-eabi/8.3.0/../../../../powerpc-eabi/lib/libsysbase.a(syscall_support.o)
                0x0000000010006b98                __syscalls
 *(.gnu.linkonce.b.*)
 *(COMMON)
                0x0000000010006bcc                __sbss_start = .
 *(.dynsbss)
 *(.sbss)
 *(.sbss.*)
 .sbss.__wut_devoptab_fs_client
                0x0000000010006bcc        0x4 /opt/devkitpro/wut/lib/libwut.a(devoptab_fs.o)
                0x0000000010006bcc                __wut_devoptab_fs_client
 .sbss.__atexit_recursive_mutex
                0x0000000010006bd0        0x4 /opt/devkitpro/devkitPPC/lib/gcc/powerpc-eabi/8.3.0/../../../../powerpc-eabi/lib/libc.a(lib_a-__call_atexit.o)
                0x0000000010006bd0                __atexit_recursive_mutex
 *(.gnu.linkonce.sb.*)
 *(.scommon)
                0x0000000010006bd4                __sbss_end = .
                0x0000000010006bd4                __sbss2_start = .
 *(.sbss2)
 *(.sbss2.*)
 *(.gnu.linkonce.sb2.*)
                0x0000000010006bd4                __sbss2_end = .
                0x0000000010006bd4                __bss_end = .

.iplt           0x0000000010006be0        0x0
 .iplt          0x0000000010006be0        0x0 /opt/devkitpro/devkitPPC/lib/gcc/powerpc-eabi/8.3.0/crtbegin.o
                0x0000000000000000                . = ORIGIN (relmem)

.rela.text      0x0000000000000000        0x0
 *(.rela.text)
 *(.rela.text.*)
 .rela.text.deregister_tm_clones
                0x0000000000000000        0x0 /opt/devkitpro/devkitPPC/lib/gcc/powerpc-eabi/8.3.0/crtbegin.o
 .rela.text.register_tm_clones
                0x0000000000000000        0x0 /opt/devkitpro/devkitPPC/lib/gcc/powerpc-eabi/8.3.0/crtbegin.o
 .rela.text.__do_global_dtors_aux
                0x0000000000000000        0x0 /opt/devkitpro/devkitPPC/lib/gcc/powerpc-eabi/8.3.0/crtbegin.o
 .rela.text.frame_dummy
                0x0000000000000000        0x0 /opt/devkitpro/devkitPPC/lib/gcc/powerpc-eabi/8.3.0/crtbegin.o
 .rela.text.__init_wut
                0x0000000000000000        0x0 /opt/devkitpro/devkitPPC/lib/gcc/powerpc-eabi/8.3.0/crtbegin.o
 .rela.text.__fini_wut
                0x0000000000000000        0x0 /opt/devkitpro/devkitPPC/lib/gcc/powerpc-eabi/8.3.0/crtbegin.o
 *(.rela.gnu.linkonce.t.*)
 *(.rela.init)
 *(.rela.fini)

.rela.data
 *(.rela.data)
 *(.rela.data.*)
 *(.rela.gnu.linkonce.d.*)
 *(.rela.sdata)
 *(.rela.gnu.linkonce.s.*)
 *(.rela.sdata2)
 *(.rela.gnu.linkonce.s2.*)
 *(.rela.init_array)
 *(.rela.fini_array)
 *(.rela.gcc_except_table .rela.gcc_except_table.*)
 *(.rela.eh_frame)
 *(.rela.got)
 *(.rela.got1)
 *(.rela.got2)
 *(.rela.got.plt)
 *(.rela.plt)

.rela.rodata
 *(.rela.rodata)
 *(.rela.rodata.*)
 *(.rel.gnu.linkonce.r.*)
 *(.rela.ctors)
 *(.rela.dtors)
                0x00000000c0000000                . = ORIGIN (loadmem)

.fexports
 *(.fexports)

.dexports
 *(.dexports)

.fimport_avm
 *(.fimport_avm)
 *(.fimport_avm.*)

.fimport_camera
 *(.fimport_camera)
 *(.fimport_camera.*)

.fimport_coreinit
                0x00000000c0000000      0x1b0
 *(.fimport_coreinit)
 .fimport_coreinit
                0x00000000c0000000       0x18 /opt/devkitpro/wut/lib/libwut.a(coreinit.o)
 *(.fimport_coreinit.*)
 .fimport_coreinit.DCFlushRange
                0x00000000c0000018        0x8 /opt/devkitpro/wut/lib/libwut.a(coreinit.o)
                0x00000000c0000018                DCFlushRange
 .fimport_coreinit.FSAddClient
                0x00000000c0000020        0x8 /opt/devkitpro/wut/lib/libwut.a(coreinit.o)
                0x00000000c0000020                FSAddClient
 .fimport_coreinit.FSChangeDir
                0x00000000c0000028        0x8 /opt/devkitpro/wut/lib/libwut.a(coreinit.o)
                0x00000000c0000028                FSChangeDir
 .fimport_coreinit.FSChangeMode
                0x00000000c0000030        0x8 /opt/devkitpro/wut/lib/libwut.a(coreinit.o)
                0x00000000c0000030                FSChangeMode
 .fimport_coreinit.FSCloseDir
                0x00000000c0000038        0x8 /opt/devkitpro/wut/lib/libwut.a(coreinit.o)
                0x00000000c0000038                FSCloseDir
 .fimport_coreinit.FSCloseFile
                0x00000000c0000040        0x8 /opt/devkitpro/wut/lib/libwut.a(coreinit.o)
                0x00000000c0000040                FSCloseFile
 .fimport_coreinit.FSDelClient
                0x00000000c0000048        0x8 /opt/devkitpro/wut/lib/libwut.a(coreinit.o)
                0x00000000c0000048                FSDelClient
 .fimport_coreinit.FSFlushFile
                0x00000000c0000050        0x8 /opt/devkitpro/wut/lib/libwut.a(coreinit.o)
                0x00000000c0000050                FSFlushFile
 .fimport_coreinit.FSGetMountSource
                0x00000000c0000058        0x8 /opt/devkitpro/wut/lib/libwut.a(coreinit.o)
                0x00000000c0000058                FSGetMountSource
 .fimport_coreinit.FSGetPosFile
                0x00000000c0000060        0x8 /opt/devkitpro/wut/lib/libwut.a(coreinit.o)
                0x00000000c0000060                FSGetPosFile
 .fimport_coreinit.FSGetStatFile
                0x00000000c0000068        0x8 /opt/devkitpro/wut/lib/libwut.a(coreinit.o)
                0x00000000c0000068                FSGetStatFile
 .fimport_coreinit.FSInit
                0x00000000c0000070        0x8 /opt/devkitpro/wut/lib/libwut.a(coreinit.o)
                0x00000000c0000070                FSInit
 .fimport_coreinit.FSInitCmdBlock
                0x00000000c0000078        0x8 /opt/devkitpro/wut/lib/libwut.a(coreinit.o)
                0x00000000c0000078                FSInitCmdBlock
 .fimport_coreinit.FSMakeDir
                0x00000000c0000080        0x8 /opt/devkitpro/wut/lib/libwut.a(coreinit.o)
                0x00000000c0000080                FSMakeDir
 .fimport_coreinit.FSMount
                0x00000000c0000088        0x8 /opt/devkitpro/wut/lib/libwut.a(coreinit.o)
                0x00000000c0000088                FSMount
 .fimport_coreinit.FSOpenDir
                0x00000000c0000090        0x8 /opt/devkitpro/wut/lib/libwut.a(coreinit.o)
                0x00000000c0000090                FSOpenDir
 .fimport_coreinit.FSOpenFile
                0x00000000c0000098        0x8 /opt/devkitpro/wut/lib/libwut.a(coreinit.o)
                0x00000000c0000098                FSOpenFile
 .fimport_coreinit.FSReadDir
                0x00000000c00000a0        0x8 /opt/devkitpro/wut/lib/libwut.a(coreinit.o)
                0x00000000c00000a0                FSReadDir
 .fimport_coreinit.FSReadFile
                0x00000000c00000a8        0x8 /opt/devkitpro/wut/lib/libwut.a(coreinit.o)
                0x00000000c00000a8                FSReadFile
 .fimport_coreinit.FSRemove
                0x00000000c00000b0        0x8 /opt/devkitpro/wut/lib/libwut.a(coreinit.o)
                0x00000000c00000b0                FSRemove
 .fimport_coreinit.FSRename
                0x00000000c00000b8        0x8 /opt/devkitpro/wut/lib/libwut.a(coreinit.o)
                0x00000000c00000b8                FSRename
 .fimport_coreinit.FSRewindDir
                0x00000000c00000c0        0x8 /opt/devkitpro/wut/lib/libwut.a(coreinit.o)
                0x00000000c00000c0                FSRewindDir
 .fimport_coreinit.FSSetPosFile
                0x00000000c00000c8        0x8 /opt/devkitpro/wut/lib/libwut.a(coreinit.o)
                0x00000000c00000c8                FSSetPosFile
 .fimport_coreinit.FSTruncateFile
                0x00000000c00000d0        0x8 /opt/devkitpro/wut/lib/libwut.a(coreinit.o)
                0x00000000c00000d0                FSTruncateFile
 .fimport_coreinit.FSWriteFile
                0x00000000c00000d8        0x8 /opt/devkitpro/wut/lib/libwut.a(coreinit.o)
                0x00000000c00000d8                FSWriteFile
 .fimport_coreinit.MEMAllocFromFrmHeapEx
                0x00000000c00000e0        0x8 /opt/devkitpro/wut/lib/libwut.a(coreinit.o)
                0x00000000c00000e0                MEMAllocFromFrmHeapEx
 .fimport_coreinit.MEMFreeByStateToFrmHeap
                0x00000000c00000e8        0x8 /opt/devkitpro/wut/lib/libwut.a(coreinit.o)
                0x00000000c00000e8                MEMFreeByStateToFrmHeap
 .fimport_coreinit.MEMGetBaseHeapHandle
                0x00000000c00000f0        0x8 /opt/devkitpro/wut/lib/libwut.a(coreinit.o)
                0x00000000c00000f0                MEMGetBaseHeapHandle
 .fimport_coreinit.MEMGetSizeForMBlockExpHeap
                0x00000000c00000f8        0x8 /opt/devkitpro/wut/lib/libwut.a(coreinit.o)
                0x00000000c00000f8                MEMGetSizeForMBlockExpHeap
 .fimport_coreinit.MEMRecordStateForFrmHeap
                0x00000000c0000100        0x8 /opt/devkitpro/wut/lib/libwut.a(coreinit.o)
                0x00000000c0000100                MEMRecordStateForFrmHeap
 .fimport_coreinit.OSEnableHomeButtonMenu
                0x00000000c0000108        0x8 /opt/devkitpro/wut/lib/libwut.a(coreinit.o)
                0x00000000c0000108                OSEnableHomeButtonMenu
 .fimport_coreinit.OSGetCoreId
                0x00000000c0000110        0x8 /opt/devkitpro/wut/lib/libwut.a(coreinit.o)
                0x00000000c0000110                OSGetCoreId
 .fimport_coreinit.OSGetSystemInfo
                0x00000000c0000118        0x8 /opt/devkitpro/wut/lib/libwut.a(coreinit.o)
                0x00000000c0000118                OSGetSystemInfo
 .fimport_coreinit.OSGetSystemTime
                0x00000000c0000120        0x8 /opt/devkitpro/wut/lib/libwut.a(coreinit.o)
                0x00000000c0000120                OSGetSystemTime
 .fimport_coreinit.OSGetTime
                0x00000000c0000128        0x8 /opt/devkitpro/wut/lib/libwut.a(coreinit.o)
                0x00000000c0000128                OSGetTime
 .fimport_coreinit.OSGetTitleID
                0x00000000c0000130        0x8 /opt/devkitpro/wut/lib/libwut.a(coreinit.o)
                0x00000000c0000130                OSGetTitleID
 .fimport_coreinit.OSInitMutex
                0x00000000c0000138        0x8 /opt/devkitpro/wut/lib/libwut.a(coreinit.o)
                0x00000000c0000138                OSInitMutex
 .fimport_coreinit.OSLockMutex
                0x00000000c0000140        0x8 /opt/devkitpro/wut/lib/libwut.a(coreinit.o)
                0x00000000c0000140                OSLockMutex
 .fimport_coreinit.OSSavesDone_ReadyToRelease
                0x00000000c0000148        0x8 /opt/devkitpro/wut/lib/libwut.a(coreinit.o)
                0x00000000c0000148                OSSavesDone_ReadyToRelease
 .fimport_coreinit.OSScreenClearBufferEx
                0x00000000c0000150        0x8 /opt/devkitpro/wut/lib/libwut.a(coreinit.o)
                0x00000000c0000150                OSScreenClearBufferEx
 .fimport_coreinit.OSScreenEnableEx
                0x00000000c0000158        0x8 /opt/devkitpro/wut/lib/libwut.a(coreinit.o)
                0x00000000c0000158                OSScreenEnableEx
 .fimport_coreinit.OSScreenFlipBuffersEx
                0x00000000c0000160        0x8 /opt/devkitpro/wut/lib/libwut.a(coreinit.o)
                0x00000000c0000160                OSScreenFlipBuffersEx
 .fimport_coreinit.OSScreenGetBufferSizeEx
                0x00000000c0000168        0x8 /opt/devkitpro/wut/lib/libwut.a(coreinit.o)
                0x00000000c0000168                OSScreenGetBufferSizeEx
 .fimport_coreinit.OSScreenInit
                0x00000000c0000170        0x8 /opt/devkitpro/wut/lib/libwut.a(coreinit.o)
                0x00000000c0000170                OSScreenInit
 .fimport_coreinit.OSScreenPutFontEx
                0x00000000c0000178        0x8 /opt/devkitpro/wut/lib/libwut.a(coreinit.o)
                0x00000000c0000178                OSScreenPutFontEx
 .fimport_coreinit.OSScreenSetBufferEx
                0x00000000c0000180        0x8 /opt/devkitpro/wut/lib/libwut.a(coreinit.o)
                0x00000000c0000180                OSScreenSetBufferEx
 .fimport_coreinit.OSScreenShutdown
                0x00000000c0000188        0x8 /opt/devkitpro/wut/lib/libwut.a(coreinit.o)
                0x00000000c0000188                OSScreenShutdown
 .fimport_coreinit.OSSleepTicks
                0x00000000c0000190        0x8 /opt/devkitpro/wut/lib/libwut.a(coreinit.o)
                0x00000000c0000190                OSSleepTicks
 .fimport_coreinit.OSTicksToCalendarTime
                0x00000000c0000198        0x8 /opt/devkitpro/wut/lib/libwut.a(coreinit.o)
                0x00000000c0000198                OSTicksToCalendarTime
 .fimport_coreinit.OSUnlockMutex
                0x00000000c00001a0        0x8 /opt/devkitpro/wut/lib/libwut.a(coreinit.o)
                0x00000000c00001a0                OSUnlockMutex
 .fimport_coreinit.__rplwrap_exit
                0x00000000c00001a8        0x8 /opt/devkitpro/wut/lib/libwut.a(coreinit.o)
                0x00000000c00001a8                __rplwrap_exit

.fimport_dc
 *(.fimport_dc)
 *(.fimport_dc.*)

.fimport_dmae
 *(.fimport_dmae)
 *(.fimport_dmae.*)

.fimport_drmapp
 *(.fimport_drmapp)
 *(.fimport_drmapp.*)

.fimport_erreula
 *(.fimport_erreula)
 *(.fimport_erreula.*)

.fimport_gx2
 *(.fimport_gx2)
 *(.fimport_gx2.*)

.fimport_h264
 *(.fimport_h264)
 *(.fimport_h264.*)

.fimport_lzma920
 *(.fimport_lzma920)
 *(.fimport_lzma920.*)

.fimport_mic
 *(.fimport_mic)
 *(.fimport_mic.*)

.fimport_nfc
 *(.fimport_nfc)
 *(.fimport_nfc.*)

.fimport_nio_prof
 *(.fimport_nio_prof)
 *(.fimport_nio_prof.*)

.fimport_nlibcurl
 *(.fimport_nlibcurl)
 *(.fimport_nlibcurl.*)

.fimport_nlibnss2
 *(.fimport_nlibnss2)
 *(.fimport_nlibnss2.*)

.fimport_nlibnss
 *(.fimport_nlibnss)
 *(.fimport_nlibnss.*)

.fimport_nn_ac
 *(.fimport_nn_ac)
 *(.fimport_nn_ac.*)

.fimport_nn_acp
 *(.fimport_nn_acp)
 *(.fimport_nn_acp.*)

.fimport_nn_act
 *(.fimport_nn_act)
 *(.fimport_nn_act.*)

.fimport_nn_aoc
 *(.fimport_nn_aoc)
 *(.fimport_nn_aoc.*)

.fimport_nn_boss
 *(.fimport_nn_boss)
 *(.fimport_nn_boss.*)

.fimport_nn_ccr
 *(.fimport_nn_ccr)
 *(.fimport_nn_ccr.*)

.fimport_nn_cmpt
 *(.fimport_nn_cmpt)
 *(.fimport_nn_cmpt.*)

.fimport_nn_dlp
 *(.fimport_nn_dlp)
 *(.fimport_nn_dlp.*)

.fimport_nn_ec
 *(.fimport_nn_ec)
 *(.fimport_nn_ec.*)

.fimport_nn_fp
 *(.fimport_nn_fp)
 *(.fimport_nn_fp.*)

.fimport_nn_hai
 *(.fimport_nn_hai)
 *(.fimport_nn_hai.*)

.fimport_nn_hpad
 *(.fimport_nn_hpad)
 *(.fimport_nn_hpad.*)

.fimport_nn_idbe
 *(.fimport_nn_idbe)
 *(.fimport_nn_idbe.*)

.fimport_nn_ndm
 *(.fimport_nn_ndm)
 *(.fimport_nn_ndm.*)

.fimport_nn_nets2
 *(.fimport_nn_nets2)
 *(.fimport_nn_nets2.*)

.fimport_nn_nfp
 *(.fimport_nn_nfp)
 *(.fimport_nn_nfp.*)

.fimport_nn_nim
 *(.fimport_nn_nim)
 *(.fimport_nn_nim.*)

.fimport_nn_olv
 *(.fimport_nn_olv)
 *(.fimport_nn_olv.*)

.fimport_nn_pdm
 *(.fimport_nn_pdm)
 *(.fimport_nn_pdm.*)

.fimport_nn_save
 *(.fimport_nn_save)
 *(.fimport_nn_save.*)

.fimport_nn_sl
 *(.fimport_nn_sl)
 *(.fimport_nn_sl.*)

.fimport_nn_spm
 *(.fimport_nn_spm)
 *(.fimport_nn_spm.*)

.fimport_nn_temp
 *(.fimport_nn_temp)
 *(.fimport_nn_temp.*)

.fimport_nn_uds
 *(.fimport_nn_uds)
 *(.fimport_nn_uds.*)

.fimport_nn_vctl
 *(.fimport_nn_vctl)
 *(.fimport_nn_vctl.*)

.fimport_nsysccr
 *(.fimport_nsysccr)
 *(.fimport_nsysccr.*)

.fimport_nsyshid
 *(.fimport_nsyshid)
 *(.fimport_nsyshid.*)

.fimport_nsyskbd
 *(.fimport_nsyskbd)
 *(.fimport_nsyskbd.*)

.fimport_nsysnet
 *(.fimport_nsysnet)
 *(.fimport_nsysnet.*)

.fimport_nsysuhs
 *(.fimport_nsysuhs)
 *(.fimport_nsysuhs.*)

.fimport_nsysuvd
 *(.fimport_nsysuvd)
 *(.fimport_nsysuvd.*)

.fimport_ntag
 *(.fimport_ntag)
 *(.fimport_ntag.*)

.fimport_padscore
 *(.fimport_padscore)
 *(.fimport_padscore.*)

.fimport_proc_ui
                0x00000000c00001b0       0x20
 *(.fimport_proc_ui)
 .fimport_proc_ui
                0x00000000c00001b0       0x10 /opt/devkitpro/wut/lib/libwut.a(proc_ui.o)
 *(.fimport_proc_ui.*)
 .fimport_proc_ui.ProcUIInitEx
                0x00000000c00001c0        0x8 /opt/devkitpro/wut/lib/libwut.a(proc_ui.o)
                0x00000000c00001c0                ProcUIInitEx
 .fimport_proc_ui.ProcUIRegisterCallback
                0x00000000c00001c8        0x8 /opt/devkitpro/wut/lib/libwut.a(proc_ui.o)
                0x00000000c00001c8                ProcUIRegisterCallback

.fimport_sndcore2
 *(.fimport_sndcore2)
 *(.fimport_sndcore2.*)

.fimport_snd_core
 *(.fimport_snd_core)
 *(.fimport_snd_core.*)

.fimport_snduser2
 *(.fimport_snduser2)
 *(.fimport_snduser2.*)

.fimport_snd_user
 *(.fimport_snd_user)
 *(.fimport_snd_user.*)

.fimport_swkbd
 *(.fimport_swkbd)
 *(.fimport_swkbd.*)

.fimport_sysapp
                0x00000000c00001d0       0x18
 *(.fimport_sysapp)
 .fimport_sysapp
                0x00000000c00001d0       0x10 /opt/devkitpro/wut/lib/libwut.a(sysapp.o)
 *(.fimport_sysapp.*)
 .fimport_sysapp.SYSRelaunchTitle
                0x00000000c00001e0        0x8 /opt/devkitpro/wut/lib/libwut.a(sysapp.o)
                0x00000000c00001e0                SYSRelaunchTitle

.fimport_tcl
 *(.fimport_tcl)
 *(.fimport_tcl.*)

.fimport_tve
 *(.fimport_tve)
 *(.fimport_tve.*)

.fimport_uac
 *(.fimport_uac)
 *(.fimport_uac.*)

.fimport_uac_rpl
 *(.fimport_uac_rpl)
 *(.fimport_uac_rpl.*)

.fimport_usb_mic
 *(.fimport_usb_mic)
 *(.fimport_usb_mic.*)

.fimport_uvc
 *(.fimport_uvc)
 *(.fimport_uvc.*)

.fimport_uvd
 *(.fimport_uvd)
 *(.fimport_uvd.*)

.fimport_vpadbase
 *(.fimport_vpadbase)
 *(.fimport_vpadbase.*)

.fimport_vpad   0x00000000c00001f0       0x18
 *(.fimport_vpad)
 .fimport_vpad  0x00000000c00001f0       0x10 /opt/devkitpro/wut/lib/libwut.a(vpad.o)
 *(.fimport_vpad.*)
 .fimport_vpad.VPADRead
                0x00000000c0000200        0x8 /opt/devkitpro/wut/lib/libwut.a(vpad.o)
                0x00000000c0000200                VPADRead

.fimport_zlib125
 *(.fimport_zlib125)
 *(.fimport_zlib125.*)

.dimport_coreinit
                0x00000000c0000210       0x30
 *(.dimport_coreinit)
 .dimport_coreinit
                0x00000000c0000210       0x18 /opt/devkitpro/wut/lib/libwut.a(coreinit.o)
 *(.dimport_coreinit.*)
 .dimport_coreinit.MEMAllocFromDefaultHeap
                0x00000000c0000228        0x8 /opt/devkitpro/wut/lib/libwut.a(coreinit.o)
                0x00000000c0000228                MEMAllocFromDefaultHeap
 .dimport_coreinit.MEMAllocFromDefaultHeapEx
                0x00000000c0000230        0x8 /opt/devkitpro/wut/lib/libwut.a(coreinit.o)
                0x00000000c0000230                MEMAllocFromDefaultHeapEx
 .dimport_coreinit.MEMFreeToDefaultHeap
                0x00000000c0000238        0x8 /opt/devkitpro/wut/lib/libwut.a(coreinit.o)
                0x00000000c0000238                MEMFreeToDefaultHeap

.dimport_nn_act
 *(.dimport_nn_act)
 *(.dimport_nn_act.*)

.dimport_nn_boss
 *(.dimport_nn_boss)
 *(.dimport_nn_boss.*)

.dimport_nn_ec
 *(.dimport_nn_ec)
 *(.dimport_nn_ec.*)

.dimport_nn_nim
 *(.dimport_nn_nim)
 *(.dimport_nn_nim.*)

.dimport_nn_sl
 *(.dimport_nn_sl)
 *(.dimport_nn_sl.*)

.dimport_nn_uds
 *(.dimport_nn_uds)
 *(.dimport_nn_uds.*)

.symtab
 *(.symtab)

.strtab
 *(.strtab)

.shstrtab
 *(.shstrtab)
                0x0000000010005304                __SDATA_START__ = __sdata_start
                0x0000000010006bd4                __SBSS_END__ = __sbss_end
                0x0000000010005313                __SDATA2_START__ = __sdata2_start
                0x0000000010006bd4                __SBSS2_END__ = __sbss2_end
                0x0000000010006bd4                _SDA_BASE_ = __sbss_end
                0x0000000010005f73                _SDA2_BASE_ = (__sdata2_start + ((__sbss2_end - __sdata2_start) / 0x2))

/DISCARD/
 *(.abs)
 *(.comment)
 *(.gnu.attributes)
 *(.gnu.version)
 *(.gnu.version_d)
 *(.gnu.version_r)
LOAD /opt/devkitpro/devkitPPC/lib/gcc/powerpc-eabi/8.3.0/ecrti.o
LOAD /opt/devkitpro/devkitPPC/lib/gcc/powerpc-eabi/8.3.0/crtbegin.o
LOAD main.o
LOAD /opt/devkitpro/wut/lib/libwut.a
LOAD /opt/devkitpro/devkitPPC/lib/gcc/powerpc-eabi/8.3.0/libgcc.a
START GROUP
LOAD /opt/devkitpro/devkitPPC/lib/gcc/powerpc-eabi/8.3.0/../../../../powerpc-eabi/lib/libsysbase.a
LOAD /opt/devkitpro/devkitPPC/lib/gcc/powerpc-eabi/8.3.0/../../../../powerpc-eabi/lib/libc.a
END GROUP
LOAD /opt/devkitpro/devkitPPC/lib/gcc/powerpc-eabi/8.3.0/libgcc.a
LOAD /opt/devkitpro/devkitPPC/lib/gcc/powerpc-eabi/8.3.0/crtend.o
LOAD /opt/devkitpro/devkitPPC/lib/gcc/powerpc-eabi/8.3.0/ecrtn.o
OUTPUT(/home/vincent/Bureau/GamepadTester/GamepadTester.elf elf32-powerpc)

.debug_info     0x0000000000000000    0x2cf69
 .debug_info    0x0000000000000000     0x224c main.o
 .debug_info    0x000000000000224c       0x26 /opt/devkitpro/wut/lib/libwut.a(crt0_rpx.o)
 .debug_info    0x0000000000002272       0xfc /opt/devkitpro/wut/lib/libwut.a(wut_crt.o)
 .debug_info    0x000000000000236e     0x1329 /opt/devkitpro/wut/lib/libwut.a(wut_newlib.o)
 .debug_info    0x0000000000003697     0x142e /opt/devkitpro/wut/lib/libwut.a(wut_gettod_r.o)
 .debug_info    0x0000000000004ac5     0x1370 /opt/devkitpro/wut/lib/libwut.a(wut_nanosleep.o)
 .debug_info    0x0000000000005e35      0xf75 /opt/devkitpro/wut/lib/libwut.a(wut_malloc.o)
 .debug_info    0x0000000000006daa     0x17a0 /opt/devkitpro/wut/lib/libwut.a(devoptab_fs.o)
 .debug_info    0x000000000000854a     0x171f /opt/devkitpro/wut/lib/libwut.a(devoptab_fs_dirclose.o)
 .debug_info    0x0000000000009c69     0x174b /opt/devkitpro/wut/lib/libwut.a(devoptab_fs_seek.o)
 .debug_info    0x000000000000b3b4     0x171f /opt/devkitpro/wut/lib/libwut.a(devoptab_fs_dirreset.o)
 .debug_info    0x000000000000cad3     0x1582 /opt/devkitpro/wut/lib/libwut.a(devoptab_fs_rmdir.o)
 .debug_info    0x000000000000e055     0x1688 /opt/devkitpro/wut/lib/libwut.a(devoptab_fs_open.o)
 .debug_info    0x000000000000f6dd     0x16c7 /opt/devkitpro/wut/lib/libwut.a(devoptab_fs_write.o)
 .debug_info    0x0000000000010da4     0x15f4 /opt/devkitpro/wut/lib/libwut.a(devoptab_fs_chmod.o)
 .debug_info    0x0000000000012398     0x13cf /opt/devkitpro/wut/lib/libwut.a(devoptab_fs_fchmod.o)
 .debug_info    0x0000000000013767     0x164b /opt/devkitpro/wut/lib/libwut.a(devoptab_fs_mkdir.o)
 .debug_info    0x0000000000014db2     0x17d8 /opt/devkitpro/wut/lib/libwut.a(devoptab_fs_dirnext.o)
 .debug_info    0x000000000001658a     0x13d0 /opt/devkitpro/wut/lib/libwut.a(devoptab_fs_statvfs.o)
 .debug_info    0x000000000001795a     0x15c9 /opt/devkitpro/wut/lib/libwut.a(devoptab_fs_truncate.o)
 .debug_info    0x0000000000018f23     0x15f2 /opt/devkitpro/wut/lib/libwut.a(devoptab_fs_rename.o)
 .debug_info    0x000000000001a515      0xedb /opt/devkitpro/wut/lib/libwut.a(log.o)
 .debug_info    0x000000000001b3f0     0x1048 /opt/devkitpro/wut/lib/libwut.a(console.o)
 .debug_info    0x000000000001c438      0x3c6 /opt/devkitpro/wut/lib/libwut.a(proc.o)
 .debug_info    0x000000000001c7fe     0x15b5 /opt/devkitpro/wut/lib/libwut.a(wut_lock.o)
 .debug_info    0x000000000001ddb3     0x1481 /opt/devkitpro/wut/lib/libwut.a(wut_clock.o)
 .debug_info    0x000000000001f234     0x1719 /opt/devkitpro/wut/lib/libwut.a(devoptab_fs_stat.o)
 .debug_info    0x000000000002094d     0x1582 /opt/devkitpro/wut/lib/libwut.a(devoptab_fs_chdir.o)
 .debug_info    0x0000000000021ecf     0x172c /opt/devkitpro/wut/lib/libwut.a(devoptab_fs_fstat.o)
 .debug_info    0x00000000000235fb     0x13d0 /opt/devkitpro/wut/lib/libwut.a(devoptab_fs_link.o)
 .debug_info    0x00000000000249cb     0x169f /opt/devkitpro/wut/lib/libwut.a(devoptab_fs_read.o)
 .debug_info    0x000000000002606a     0x1695 /opt/devkitpro/wut/lib/libwut.a(devoptab_fs_utils.o)
 .debug_info    0x00000000000276ff     0x1587 /opt/devkitpro/wut/lib/libwut.a(devoptab_fs_close.o)
 .debug_info    0x0000000000028c86     0x1582 /opt/devkitpro/wut/lib/libwut.a(devoptab_fs_unlink.o)
 .debug_info    0x000000000002a208     0x1587 /opt/devkitpro/wut/lib/libwut.a(devoptab_fs_fsync.o)
 .debug_info    0x000000000002b78f     0x17da /opt/devkitpro/wut/lib/libwut.a(devoptab_fs_diropen.o)

.debug_abbrev   0x0000000000000000     0x57cd
 .debug_abbrev  0x0000000000000000      0x297 main.o
 .debug_abbrev  0x0000000000000297       0x14 /opt/devkitpro/wut/lib/libwut.a(crt0_rpx.o)
 .debug_abbrev  0x00000000000002ab       0x5a /opt/devkitpro/wut/lib/libwut.a(wut_crt.o)
 .debug_abbrev  0x0000000000000305      0x20f /opt/devkitpro/wut/lib/libwut.a(wut_newlib.o)
 .debug_abbrev  0x0000000000000514      0x232 /opt/devkitpro/wut/lib/libwut.a(wut_gettod_r.o)
 .debug_abbrev  0x0000000000000746      0x21d /opt/devkitpro/wut/lib/libwut.a(wut_nanosleep.o)
 .debug_abbrev  0x0000000000000963      0x33d /opt/devkitpro/wut/lib/libwut.a(wut_malloc.o)
 .debug_abbrev  0x0000000000000ca0      0x2b8 /opt/devkitpro/wut/lib/libwut.a(devoptab_fs.o)
 .debug_abbrev  0x0000000000000f58      0x2d4 /opt/devkitpro/wut/lib/libwut.a(devoptab_fs_dirclose.o)
 .debug_abbrev  0x000000000000122c      0x2d1 /opt/devkitpro/wut/lib/libwut.a(devoptab_fs_seek.o)
 .debug_abbrev  0x00000000000014fd      0x2d4 /opt/devkitpro/wut/lib/libwut.a(devoptab_fs_dirreset.o)
 .debug_abbrev  0x00000000000017d1      0x29f /opt/devkitpro/wut/lib/libwut.a(devoptab_fs_rmdir.o)
 .debug_abbrev  0x0000000000001a70      0x29f /opt/devkitpro/wut/lib/libwut.a(devoptab_fs_open.o)
 .debug_abbrev  0x0000000000001d0f      0x2b0 /opt/devkitpro/wut/lib/libwut.a(devoptab_fs_write.o)
 .debug_abbrev  0x0000000000001fbf      0x2a8 /opt/devkitpro/wut/lib/libwut.a(devoptab_fs_chmod.o)
 .debug_abbrev  0x0000000000002267      0x215 /opt/devkitpro/wut/lib/libwut.a(devoptab_fs_fchmod.o)
 .debug_abbrev  0x000000000000247c      0x296 /opt/devkitpro/wut/lib/libwut.a(devoptab_fs_mkdir.o)
 .debug_abbrev  0x0000000000002712      0x2e5 /opt/devkitpro/wut/lib/libwut.a(devoptab_fs_dirnext.o)
 .debug_abbrev  0x00000000000029f7      0x215 /opt/devkitpro/wut/lib/libwut.a(devoptab_fs_statvfs.o)
 .debug_abbrev  0x0000000000002c0c      0x28b /opt/devkitpro/wut/lib/libwut.a(devoptab_fs_truncate.o)
 .debug_abbrev  0x0000000000002e97      0x29f /opt/devkitpro/wut/lib/libwut.a(devoptab_fs_rename.o)
 .debug_abbrev  0x0000000000003136      0x338 /opt/devkitpro/wut/lib/libwut.a(log.o)
 .debug_abbrev  0x000000000000346e      0x312 /opt/devkitpro/wut/lib/libwut.a(console.o)
 .debug_abbrev  0x0000000000003780      0x193 /opt/devkitpro/wut/lib/libwut.a(proc.o)
 .debug_abbrev  0x0000000000003913      0x242 /opt/devkitpro/wut/lib/libwut.a(wut_lock.o)
 .debug_abbrev  0x0000000000003b55      0x271 /opt/devkitpro/wut/lib/libwut.a(wut_clock.o)
 .debug_abbrev  0x0000000000003dc6      0x2cc /opt/devkitpro/wut/lib/libwut.a(devoptab_fs_stat.o)
 .debug_abbrev  0x0000000000004092      0x29f /opt/devkitpro/wut/lib/libwut.a(devoptab_fs_chdir.o)
 .debug_abbrev  0x0000000000004331      0x2bf /opt/devkitpro/wut/lib/libwut.a(devoptab_fs_fstat.o)
 .debug_abbrev  0x00000000000045f0      0x204 /opt/devkitpro/wut/lib/libwut.a(devoptab_fs_link.o)
 .debug_abbrev  0x00000000000047f4      0x2b0 /opt/devkitpro/wut/lib/libwut.a(devoptab_fs_read.o)
 .debug_abbrev  0x0000000000004aa4      0x28f /opt/devkitpro/wut/lib/libwut.a(devoptab_fs_utils.o)
 .debug_abbrev  0x0000000000004d33      0x28b /opt/devkitpro/wut/lib/libwut.a(devoptab_fs_close.o)
 .debug_abbrev  0x0000000000004fbe      0x29f /opt/devkitpro/wut/lib/libwut.a(devoptab_fs_unlink.o)
 .debug_abbrev  0x000000000000525d      0x28b /opt/devkitpro/wut/lib/libwut.a(devoptab_fs_fsync.o)
 .debug_abbrev  0x00000000000054e8      0x2e5 /opt/devkitpro/wut/lib/libwut.a(devoptab_fs_diropen.o)

.debug_loc      0x0000000000000000     0x2ea8
 .debug_loc     0x0000000000000000       0x4a main.o
 .debug_loc     0x000000000000004a       0x89 /opt/devkitpro/wut/lib/libwut.a(wut_gettod_r.o)
 .debug_loc     0x00000000000000d3       0x64 /opt/devkitpro/wut/lib/libwut.a(wut_nanosleep.o)
 .debug_loc     0x0000000000000137      0x4da /opt/devkitpro/wut/lib/libwut.a(wut_malloc.o)
 .debug_loc     0x0000000000000611       0xc8 /opt/devkitpro/wut/lib/libwut.a(devoptab_fs.o)
 .debug_loc     0x00000000000006d9       0xe0 /opt/devkitpro/wut/lib/libwut.a(devoptab_fs_dirclose.o)
 .debug_loc     0x00000000000007b9      0x171 /opt/devkitpro/wut/lib/libwut.a(devoptab_fs_seek.o)
 .debug_loc     0x000000000000092a       0xe0 /opt/devkitpro/wut/lib/libwut.a(devoptab_fs_dirreset.o)
 .debug_loc     0x0000000000000a0a       0xf9 /opt/devkitpro/wut/lib/libwut.a(devoptab_fs_rmdir.o)
 .debug_loc     0x0000000000000b03      0x20a /opt/devkitpro/wut/lib/libwut.a(devoptab_fs_open.o)
 .debug_loc     0x0000000000000d0d      0x2fd /opt/devkitpro/wut/lib/libwut.a(devoptab_fs_write.o)
 .debug_loc     0x000000000000100a      0x155 /opt/devkitpro/wut/lib/libwut.a(devoptab_fs_chmod.o)
 .debug_loc     0x000000000000115f       0x25 /opt/devkitpro/wut/lib/libwut.a(devoptab_fs_fchmod.o)
 .debug_loc     0x0000000000001184      0x13b /opt/devkitpro/wut/lib/libwut.a(devoptab_fs_mkdir.o)
 .debug_loc     0x00000000000012bf      0x177 /opt/devkitpro/wut/lib/libwut.a(devoptab_fs_dirnext.o)
 .debug_loc     0x0000000000001436       0x25 /opt/devkitpro/wut/lib/libwut.a(devoptab_fs_statvfs.o)
 .debug_loc     0x000000000000145b      0x139 /opt/devkitpro/wut/lib/libwut.a(devoptab_fs_truncate.o)
 .debug_loc     0x0000000000001594      0x191 /opt/devkitpro/wut/lib/libwut.a(devoptab_fs_rename.o)
 .debug_loc     0x0000000000001725      0x45e /opt/devkitpro/wut/lib/libwut.a(log.o)
 .debug_loc     0x0000000000001b83      0x135 /opt/devkitpro/wut/lib/libwut.a(console.o)
 .debug_loc     0x0000000000001cb8       0xb7 /opt/devkitpro/wut/lib/libwut.a(proc.o)
 .debug_loc     0x0000000000001d6f      0x19a /opt/devkitpro/wut/lib/libwut.a(wut_lock.o)
 .debug_loc     0x0000000000001f09      0x162 /opt/devkitpro/wut/lib/libwut.a(wut_clock.o)
 .debug_loc     0x000000000000206b      0x1fa /opt/devkitpro/wut/lib/libwut.a(devoptab_fs_stat.o)
 .debug_loc     0x0000000000002265       0xf9 /opt/devkitpro/wut/lib/libwut.a(devoptab_fs_chdir.o)
 .debug_loc     0x000000000000235e      0x148 /opt/devkitpro/wut/lib/libwut.a(devoptab_fs_fstat.o)
 .debug_loc     0x00000000000024a6       0x25 /opt/devkitpro/wut/lib/libwut.a(devoptab_fs_link.o)
 .debug_loc     0x00000000000024cb      0x380 /opt/devkitpro/wut/lib/libwut.a(devoptab_fs_read.o)
 .debug_loc     0x000000000000284b      0x1b4 /opt/devkitpro/wut/lib/libwut.a(devoptab_fs_utils.o)
 .debug_loc     0x00000000000029ff       0xec /opt/devkitpro/wut/lib/libwut.a(devoptab_fs_close.o)
 .debug_loc     0x0000000000002aeb       0xf9 /opt/devkitpro/wut/lib/libwut.a(devoptab_fs_unlink.o)
 .debug_loc     0x0000000000002be4       0xec /opt/devkitpro/wut/lib/libwut.a(devoptab_fs_fsync.o)
 .debug_loc     0x0000000000002cd0      0x1d8 /opt/devkitpro/wut/lib/libwut.a(devoptab_fs_diropen.o)

.debug_aranges  0x0000000000000000      0x598
 .debug_aranges
                0x0000000000000000       0x28 main.o
 .debug_aranges
                0x0000000000000028       0x20 /opt/devkitpro/wut/lib/libwut.a(crt0_rpx.o)
 .debug_aranges
                0x0000000000000048       0x28 /opt/devkitpro/wut/lib/libwut.a(wut_crt.o)
 .debug_aranges
                0x0000000000000070       0x28 /opt/devkitpro/wut/lib/libwut.a(wut_newlib.o)
 .debug_aranges
                0x0000000000000098       0x20 /opt/devkitpro/wut/lib/libwut.a(wut_gettod_r.o)
 .debug_aranges
                0x00000000000000b8       0x20 /opt/devkitpro/wut/lib/libwut.a(wut_nanosleep.o)
 .debug_aranges
                0x00000000000000d8       0x80 /opt/devkitpro/wut/lib/libwut.a(wut_malloc.o)
 .debug_aranges
                0x0000000000000158       0x28 /opt/devkitpro/wut/lib/libwut.a(devoptab_fs.o)
 .debug_aranges
                0x0000000000000180       0x20 /opt/devkitpro/wut/lib/libwut.a(devoptab_fs_dirclose.o)
 .debug_aranges
                0x00000000000001a0       0x20 /opt/devkitpro/wut/lib/libwut.a(devoptab_fs_seek.o)
 .debug_aranges
                0x00000000000001c0       0x20 /opt/devkitpro/wut/lib/libwut.a(devoptab_fs_dirreset.o)
 .debug_aranges
                0x00000000000001e0       0x20 /opt/devkitpro/wut/lib/libwut.a(devoptab_fs_rmdir.o)
 .debug_aranges
                0x0000000000000200       0x20 /opt/devkitpro/wut/lib/libwut.a(devoptab_fs_open.o)
 .debug_aranges
                0x0000000000000220       0x20 /opt/devkitpro/wut/lib/libwut.a(devoptab_fs_write.o)
 .debug_aranges
                0x0000000000000240       0x20 /opt/devkitpro/wut/lib/libwut.a(devoptab_fs_chmod.o)
 .debug_aranges
                0x0000000000000260       0x20 /opt/devkitpro/wut/lib/libwut.a(devoptab_fs_fchmod.o)
 .debug_aranges
                0x0000000000000280       0x20 /opt/devkitpro/wut/lib/libwut.a(devoptab_fs_mkdir.o)
 .debug_aranges
                0x00000000000002a0       0x20 /opt/devkitpro/wut/lib/libwut.a(devoptab_fs_dirnext.o)
 .debug_aranges
                0x00000000000002c0       0x20 /opt/devkitpro/wut/lib/libwut.a(devoptab_fs_statvfs.o)
 .debug_aranges
                0x00000000000002e0       0x20 /opt/devkitpro/wut/lib/libwut.a(devoptab_fs_truncate.o)
 .debug_aranges
                0x0000000000000300       0x20 /opt/devkitpro/wut/lib/libwut.a(devoptab_fs_rename.o)
 .debug_aranges
                0x0000000000000320       0x48 /opt/devkitpro/wut/lib/libwut.a(log.o)
 .debug_aranges
                0x0000000000000368       0x38 /opt/devkitpro/wut/lib/libwut.a(console.o)
 .debug_aranges
                0x00000000000003a0       0x48 /opt/devkitpro/wut/lib/libwut.a(proc.o)
 .debug_aranges
                0x00000000000003e8       0x38 /opt/devkitpro/wut/lib/libwut.a(wut_lock.o)
 .debug_aranges
                0x0000000000000420       0x30 /opt/devkitpro/wut/lib/libwut.a(wut_clock.o)
 .debug_aranges
                0x0000000000000450       0x20 /opt/devkitpro/wut/lib/libwut.a(devoptab_fs_stat.o)
 .debug_aranges
                0x0000000000000470       0x20 /opt/devkitpro/wut/lib/libwut.a(devoptab_fs_chdir.o)
 .debug_aranges
                0x0000000000000490       0x20 /opt/devkitpro/wut/lib/libwut.a(devoptab_fs_fstat.o)
 .debug_aranges
                0x00000000000004b0       0x20 /opt/devkitpro/wut/lib/libwut.a(devoptab_fs_link.o)
 .debug_aranges
                0x00000000000004d0       0x20 /opt/devkitpro/wut/lib/libwut.a(devoptab_fs_read.o)
 .debug_aranges
                0x00000000000004f0       0x28 /opt/devkitpro/wut/lib/libwut.a(devoptab_fs_utils.o)
 .debug_aranges
                0x0000000000000518       0x20 /opt/devkitpro/wut/lib/libwut.a(devoptab_fs_close.o)
 .debug_aranges
                0x0000000000000538       0x20 /opt/devkitpro/wut/lib/libwut.a(devoptab_fs_unlink.o)
 .debug_aranges
                0x0000000000000558       0x20 /opt/devkitpro/wut/lib/libwut.a(devoptab_fs_fsync.o)
 .debug_aranges
                0x0000000000000578       0x20 /opt/devkitpro/wut/lib/libwut.a(devoptab_fs_diropen.o)

.debug_ranges   0x0000000000000000      0x430
 .debug_ranges  0x0000000000000000       0x18 main.o
 .debug_ranges  0x0000000000000018       0x18 /opt/devkitpro/wut/lib/libwut.a(wut_crt.o)
 .debug_ranges  0x0000000000000030       0x38 /opt/devkitpro/wut/lib/libwut.a(wut_newlib.o)
 .debug_ranges  0x0000000000000068       0x10 /opt/devkitpro/wut/lib/libwut.a(wut_gettod_r.o)
 .debug_ranges  0x0000000000000078       0x10 /opt/devkitpro/wut/lib/libwut.a(wut_nanosleep.o)
 .debug_ranges  0x0000000000000088       0x70 /opt/devkitpro/wut/lib/libwut.a(wut_malloc.o)
 .debug_ranges  0x00000000000000f8       0x40 /opt/devkitpro/wut/lib/libwut.a(devoptab_fs.o)
 .debug_ranges  0x0000000000000138       0x10 /opt/devkitpro/wut/lib/libwut.a(devoptab_fs_dirclose.o)
 .debug_ranges  0x0000000000000148       0x10 /opt/devkitpro/wut/lib/libwut.a(devoptab_fs_seek.o)
 .debug_ranges  0x0000000000000158       0x10 /opt/devkitpro/wut/lib/libwut.a(devoptab_fs_dirreset.o)
 .debug_ranges  0x0000000000000168       0x10 /opt/devkitpro/wut/lib/libwut.a(devoptab_fs_rmdir.o)
 .debug_ranges  0x0000000000000178       0x10 /opt/devkitpro/wut/lib/libwut.a(devoptab_fs_open.o)
 .debug_ranges  0x0000000000000188       0x30 /opt/devkitpro/wut/lib/libwut.a(devoptab_fs_write.o)
 .debug_ranges  0x00000000000001b8       0x10 /opt/devkitpro/wut/lib/libwut.a(devoptab_fs_chmod.o)
 .debug_ranges  0x00000000000001c8       0x10 /opt/devkitpro/wut/lib/libwut.a(devoptab_fs_fchmod.o)
 .debug_ranges  0x00000000000001d8       0x10 /opt/devkitpro/wut/lib/libwut.a(devoptab_fs_mkdir.o)
 .debug_ranges  0x00000000000001e8       0x10 /opt/devkitpro/wut/lib/libwut.a(devoptab_fs_dirnext.o)
 .debug_ranges  0x00000000000001f8       0x10 /opt/devkitpro/wut/lib/libwut.a(devoptab_fs_statvfs.o)
 .debug_ranges  0x0000000000000208       0x10 /opt/devkitpro/wut/lib/libwut.a(devoptab_fs_truncate.o)
 .debug_ranges  0x0000000000000218       0x10 /opt/devkitpro/wut/lib/libwut.a(devoptab_fs_rename.o)
 .debug_ranges  0x0000000000000228       0x50 /opt/devkitpro/wut/lib/libwut.a(log.o)
 .debug_ranges  0x0000000000000278       0x40 /opt/devkitpro/wut/lib/libwut.a(console.o)
 .debug_ranges  0x00000000000002b8       0x38 /opt/devkitpro/wut/lib/libwut.a(proc.o)
 .debug_ranges  0x00000000000002f0       0x28 /opt/devkitpro/wut/lib/libwut.a(wut_lock.o)
 .debug_ranges  0x0000000000000318       0x50 /opt/devkitpro/wut/lib/libwut.a(wut_clock.o)
 .debug_ranges  0x0000000000000368       0x10 /opt/devkitpro/wut/lib/libwut.a(devoptab_fs_stat.o)
 .debug_ranges  0x0000000000000378       0x10 /opt/devkitpro/wut/lib/libwut.a(devoptab_fs_chdir.o)
 .debug_ranges  0x0000000000000388       0x10 /opt/devkitpro/wut/lib/libwut.a(devoptab_fs_fstat.o)
 .debug_ranges  0x0000000000000398       0x10 /opt/devkitpro/wut/lib/libwut.a(devoptab_fs_link.o)
 .debug_ranges  0x00000000000003a8       0x30 /opt/devkitpro/wut/lib/libwut.a(devoptab_fs_read.o)
 .debug_ranges  0x00000000000003d8       0x18 /opt/devkitpro/wut/lib/libwut.a(devoptab_fs_utils.o)
 .debug_ranges  0x00000000000003f0       0x10 /opt/devkitpro/wut/lib/libwut.a(devoptab_fs_close.o)
 .debug_ranges  0x0000000000000400       0x10 /opt/devkitpro/wut/lib/libwut.a(devoptab_fs_unlink.o)
 .debug_ranges  0x0000000000000410       0x10 /opt/devkitpro/wut/lib/libwut.a(devoptab_fs_fsync.o)
 .debug_ranges  0x0000000000000420       0x10 /opt/devkitpro/wut/lib/libwut.a(devoptab_fs_diropen.o)

.debug_line     0x0000000000000000     0x836c
 .debug_line    0x0000000000000000      0xb40 main.o
 .debug_line    0x0000000000000b40       0x9c /opt/devkitpro/wut/lib/libwut.a(crt0_rpx.o)
 .debug_line    0x0000000000000bdc       0xdf /opt/devkitpro/wut/lib/libwut.a(wut_crt.o)
 .debug_line    0x0000000000000cbb      0x2db /opt/devkitpro/wut/lib/libwut.a(wut_newlib.o)
 .debug_line    0x0000000000000f96      0x2e6 /opt/devkitpro/wut/lib/libwut.a(wut_gettod_r.o)
 .debug_line    0x000000000000127c      0x30d /opt/devkitpro/wut/lib/libwut.a(wut_nanosleep.o)
 .debug_line    0x0000000000001589      0x47f /opt/devkitpro/wut/lib/libwut.a(wut_malloc.o)
 .debug_line    0x0000000000001a08      0x448 /opt/devkitpro/wut/lib/libwut.a(devoptab_fs.o)
 .debug_line    0x0000000000001e50      0x32c /opt/devkitpro/wut/lib/libwut.a(devoptab_fs_dirclose.o)
 .debug_line    0x000000000000217c      0x3bb /opt/devkitpro/wut/lib/libwut.a(devoptab_fs_seek.o)
 .debug_line    0x0000000000002537      0x32c /opt/devkitpro/wut/lib/libwut.a(devoptab_fs_dirreset.o)
 .debug_line    0x0000000000002863      0x340 /opt/devkitpro/wut/lib/libwut.a(devoptab_fs_rmdir.o)
 .debug_line    0x0000000000002ba3      0x3c5 /opt/devkitpro/wut/lib/libwut.a(devoptab_fs_open.o)
 .debug_line    0x0000000000002f68      0x412 /opt/devkitpro/wut/lib/libwut.a(devoptab_fs_write.o)
 .debug_line    0x000000000000337a      0x340 /opt/devkitpro/wut/lib/libwut.a(devoptab_fs_chmod.o)
 .debug_line    0x00000000000036ba      0x2d0 /opt/devkitpro/wut/lib/libwut.a(devoptab_fs_fchmod.o)
 .debug_line    0x000000000000398a      0x341 /opt/devkitpro/wut/lib/libwut.a(devoptab_fs_mkdir.o)
 .debug_line    0x0000000000003ccb      0x3b0 /opt/devkitpro/wut/lib/libwut.a(devoptab_fs_dirnext.o)
 .debug_line    0x000000000000407b      0x2d1 /opt/devkitpro/wut/lib/libwut.a(devoptab_fs_statvfs.o)
 .debug_line    0x000000000000434c      0x347 /opt/devkitpro/wut/lib/libwut.a(devoptab_fs_truncate.o)
 .debug_line    0x0000000000004693      0x368 /opt/devkitpro/wut/lib/libwut.a(devoptab_fs_rename.o)
 .debug_line    0x00000000000049fb      0x593 /opt/devkitpro/wut/lib/libwut.a(log.o)
 .debug_line    0x0000000000004f8e      0x528 /opt/devkitpro/wut/lib/libwut.a(console.o)
 .debug_line    0x00000000000054b6      0x462 /opt/devkitpro/wut/lib/libwut.a(proc.o)
 .debug_line    0x0000000000005918      0x3b3 /opt/devkitpro/wut/lib/libwut.a(wut_lock.o)
 .debug_line    0x0000000000005ccb      0x434 /opt/devkitpro/wut/lib/libwut.a(wut_clock.o)
 .debug_line    0x00000000000060ff      0x3c8 /opt/devkitpro/wut/lib/libwut.a(devoptab_fs_stat.o)
 .debug_line    0x00000000000064c7      0x340 /opt/devkitpro/wut/lib/libwut.a(devoptab_fs_chdir.o)
 .debug_line    0x0000000000006807      0x384 /opt/devkitpro/wut/lib/libwut.a(devoptab_fs_fstat.o)
 .debug_line    0x0000000000006b8b      0x2ce /opt/devkitpro/wut/lib/libwut.a(devoptab_fs_link.o)
 .debug_line    0x0000000000006e59      0x41b /opt/devkitpro/wut/lib/libwut.a(devoptab_fs_read.o)
 .debug_line    0x0000000000007274      0x3b8 /opt/devkitpro/wut/lib/libwut.a(devoptab_fs_utils.o)
 .debug_line    0x000000000000762c      0x329 /opt/devkitpro/wut/lib/libwut.a(devoptab_fs_close.o)
 .debug_line    0x0000000000007955      0x342 /opt/devkitpro/wut/lib/libwut.a(devoptab_fs_unlink.o)
 .debug_line    0x0000000000007c97      0x329 /opt/devkitpro/wut/lib/libwut.a(devoptab_fs_fsync.o)
 .debug_line    0x0000000000007fc0      0x3ac /opt/devkitpro/wut/lib/libwut.a(devoptab_fs_diropen.o)

.debug_str      0x0000000000000000     0x3191
 .debug_str     0x0000000000000000      0x931 main.o
                                        0x9ff (size before relaxing)
 .debug_str     0x0000000000000931       0xc0 /opt/devkitpro/wut/lib/libwut.a(crt0_rpx.o)
 .debug_str     0x00000000000009f1      0x170 /opt/devkitpro/wut/lib/libwut.a(wut_crt.o)
                                        0x1c0 (size before relaxing)
 .debug_str     0x0000000000000b61      0x3c6 /opt/devkitpro/wut/lib/libwut.a(wut_newlib.o)
                                        0xa67 (size before relaxing)
 .debug_str     0x0000000000000f27       0xb9 /opt/devkitpro/wut/lib/libwut.a(wut_gettod_r.o)
                                        0xac9 (size before relaxing)
 .debug_str     0x0000000000000fe0       0x7c /opt/devkitpro/wut/lib/libwut.a(wut_nanosleep.o)
                                        0xa6a (size before relaxing)
 .debug_str     0x000000000000105c      0x240 /opt/devkitpro/wut/lib/libwut.a(wut_malloc.o)
                                        0x817 (size before relaxing)
 .debug_str     0x000000000000129c      0x37e /opt/devkitpro/wut/lib/libwut.a(devoptab_fs.o)
                                        0xd97 (size before relaxing)
 .debug_str     0x000000000000161a      0x218 /opt/devkitpro/wut/lib/libwut.a(devoptab_fs_dirclose.o)
                                        0xe1b (size before relaxing)
 .debug_str     0x0000000000001832       0xc5 /opt/devkitpro/wut/lib/libwut.a(devoptab_fs_seek.o)
                                        0xe09 (size before relaxing)
 .debug_str     0x00000000000018f7       0x93 /opt/devkitpro/wut/lib/libwut.a(devoptab_fs_dirreset.o)
                                        0xe1c (size before relaxing)
 .debug_str     0x000000000000198a       0xa5 /opt/devkitpro/wut/lib/libwut.a(devoptab_fs_rmdir.o)
                                        0xc9e (size before relaxing)
 .debug_str     0x0000000000001a2f       0xa9 /opt/devkitpro/wut/lib/libwut.a(devoptab_fs_open.o)
                                        0xcff (size before relaxing)
 .debug_str     0x0000000000001ad8       0xbb /opt/devkitpro/wut/lib/libwut.a(devoptab_fs_write.o)
                                        0xd1f (size before relaxing)
 .debug_str     0x0000000000001b93       0x8e /opt/devkitpro/wut/lib/libwut.a(devoptab_fs_chmod.o)
                                        0xd61 (size before relaxing)
 .debug_str     0x0000000000001c21       0x83 /opt/devkitpro/wut/lib/libwut.a(devoptab_fs_fchmod.o)
                                        0xaa9 (size before relaxing)
 .debug_str     0x0000000000001ca4      0x3d6 /opt/devkitpro/wut/lib/libwut.a(devoptab_fs_mkdir.o)
                                        0xe62 (size before relaxing)
 .debug_str     0x000000000000207a       0xa1 /opt/devkitpro/wut/lib/libwut.a(devoptab_fs_dirnext.o)
                                        0xe49 (size before relaxing)
 .debug_str     0x000000000000211b       0x85 /opt/devkitpro/wut/lib/libwut.a(devoptab_fs_statvfs.o)
                                        0xaab (size before relaxing)
 .debug_str     0x00000000000021a0       0x97 /opt/devkitpro/wut/lib/libwut.a(devoptab_fs_truncate.o)
                                        0xcd0 (size before relaxing)
 .debug_str     0x0000000000002237       0xb6 /opt/devkitpro/wut/lib/libwut.a(devoptab_fs_rename.o)
                                        0xcc0 (size before relaxing)
 .debug_str     0x00000000000022ed      0x140 /opt/devkitpro/wut/lib/libwut.a(log.o)
                                        0x759 (size before relaxing)
 .debug_str     0x000000000000242d      0x334 /opt/devkitpro/wut/lib/libwut.a(console.o)
                                        0x94f (size before relaxing)
 .debug_str     0x0000000000002761      0x2d5 /opt/devkitpro/wut/lib/libwut.a(proc.o)